Archive member included to satisfy reference by file (symbol)

/usr/lib/gcc/arm-none-eabi/14.2.0/../../../../arm-none-eabi/lib/thumb/v6-m/nofp/libc_nano.a(libc_a-atexit.o)
                              /usr/lib/gcc/arm-none-eabi/14.2.0/../../../../arm-none-eabi/lib/thumb/v6-m/nofp/crt0.o (atexit)
/usr/lib/gcc/arm-none-eabi/14.2.0/../../../../arm-none-eabi/lib/thumb/v6-m/nofp/libc_nano.a(libc_a-exit.o)
                              /usr/lib/gcc/arm-none-eabi/14.2.0/../../../../arm-none-eabi/lib/thumb/v6-m/nofp/crt0.o (exit)
/usr/lib/gcc/arm-none-eabi/14.2.0/../../../../arm-none-eabi/lib/thumb/v6-m/nofp/libc_nano.a(libc_a-findfp.o)
                              /usr/lib/gcc/arm-none-eabi/14.2.0/../../../../arm-none-eabi/lib/thumb/v6-m/nofp/libc_nano.a(libc_a-exit.o) (__stdio_exit_handler)
/usr/lib/gcc/arm-none-eabi/14.2.0/../../../../arm-none-eabi/lib/thumb/v6-m/nofp/libc_nano.a(libc_a-fwalk.o)
                              /usr/lib/gcc/arm-none-eabi/14.2.0/../../../../arm-none-eabi/lib/thumb/v6-m/nofp/libc_nano.a(libc_a-findfp.o) (_fwalk_sglue)
/usr/lib/gcc/arm-none-eabi/14.2.0/../../../../arm-none-eabi/lib/thumb/v6-m/nofp/libc_nano.a(libc_a-stdio.o)
                              /usr/lib/gcc/arm-none-eabi/14.2.0/../../../../arm-none-eabi/lib/thumb/v6-m/nofp/libc_nano.a(libc_a-findfp.o) (__sread)
/usr/lib/gcc/arm-none-eabi/14.2.0/../../../../arm-none-eabi/lib/thumb/v6-m/nofp/libc_nano.a(libc_a-memset.o)
                              /usr/lib/gcc/arm-none-eabi/14.2.0/../../../../arm-none-eabi/lib/thumb/v6-m/nofp/crt0.o (memset)
/usr/lib/gcc/arm-none-eabi/14.2.0/../../../../arm-none-eabi/lib/thumb/v6-m/nofp/libc_nano.a(libc_a-closer.o)
                              /usr/lib/gcc/arm-none-eabi/14.2.0/../../../../arm-none-eabi/lib/thumb/v6-m/nofp/libc_nano.a(libc_a-stdio.o) (_close_r)
/usr/lib/gcc/arm-none-eabi/14.2.0/../../../../arm-none-eabi/lib/thumb/v6-m/nofp/libc_nano.a(libc_a-reent.o)
                              /usr/lib/gcc/arm-none-eabi/14.2.0/../../../../arm-none-eabi/lib/thumb/v6-m/nofp/libc_nano.a(libc_a-closer.o) (errno)
/usr/lib/gcc/arm-none-eabi/14.2.0/../../../../arm-none-eabi/lib/thumb/v6-m/nofp/libc_nano.a(libc_a-impure.o)
                              /usr/lib/gcc/arm-none-eabi/14.2.0/../../../../arm-none-eabi/lib/thumb/v6-m/nofp/libc_nano.a(libc_a-reent.o) (_impure_ptr)
/usr/lib/gcc/arm-none-eabi/14.2.0/../../../../arm-none-eabi/lib/thumb/v6-m/nofp/libc_nano.a(libc_a-lseekr.o)
                              /usr/lib/gcc/arm-none-eabi/14.2.0/../../../../arm-none-eabi/lib/thumb/v6-m/nofp/libc_nano.a(libc_a-stdio.o) (_lseek_r)
/usr/lib/gcc/arm-none-eabi/14.2.0/../../../../arm-none-eabi/lib/thumb/v6-m/nofp/libc_nano.a(libc_a-readr.o)
                              /usr/lib/gcc/arm-none-eabi/14.2.0/../../../../arm-none-eabi/lib/thumb/v6-m/nofp/libc_nano.a(libc_a-stdio.o) (_read_r)
/usr/lib/gcc/arm-none-eabi/14.2.0/../../../../arm-none-eabi/lib/thumb/v6-m/nofp/libc_nano.a(libc_a-writer.o)
                              /usr/lib/gcc/arm-none-eabi/14.2.0/../../../../arm-none-eabi/lib/thumb/v6-m/nofp/libc_nano.a(libc_a-stdio.o) (_write_r)
/usr/lib/gcc/arm-none-eabi/14.2.0/../../../../arm-none-eabi/lib/thumb/v6-m/nofp/libc_nano.a(libc_a-errno.o)
                              build/release/syscalls.o (__errno)
/usr/lib/gcc/arm-none-eabi/14.2.0/../../../../arm-none-eabi/lib/thumb/v6-m/nofp/libc_nano.a(libc_a-init.o)
                              /usr/lib/gcc/arm-none-eabi/14.2.0/../../../../arm-none-eabi/lib/thumb/v6-m/nofp/crt0.o (__libc_init_array)
/usr/lib/gcc/arm-none-eabi/14.2.0/../../../../arm-none-eabi/lib/thumb/v6-m/nofp/libc_nano.a(libc_a-fini.o)
                              /usr/lib/gcc/arm-none-eabi/14.2.0/../../../../arm-none-eabi/lib/thumb/v6-m/nofp/crt0.o (__libc_fini_array)
/usr/lib/gcc/arm-none-eabi/14.2.0/../../../../arm-none-eabi/lib/thumb/v6-m/nofp/libc_nano.a(libc_a-lock.o)
                              /usr/lib/gcc/arm-none-eabi/14.2.0/../../../../arm-none-eabi/lib/thumb/v6-m/nofp/libc_nano.a(libc_a-findfp.o) (__retarget_lock_init_recursive)
/usr/lib/gcc/arm-none-eabi/14.2.0/../../../../arm-none-eabi/lib/thumb/v6-m/nofp/libc_nano.a(libc_a-__atexit.o)
                              /usr/lib/gcc/arm-none-eabi/14.2.0/../../../../arm-none-eabi/lib/thumb/v6-m/nofp/libc_nano.a(libc_a-atexit.o) (__register_exitproc)
/usr/lib/gcc/arm-none-eabi/14.2.0/../../../../arm-none-eabi/lib/thumb/v6-m/nofp/libc_nano.a(libc_a-__call_atexit.o)
                              /usr/lib/gcc/arm-none-eabi/14.2.0/../../../../arm-none-eabi/lib/thumb/v6-m/nofp/libc_nano.a(libc_a-__atexit.o) (__call_exitprocs)
/usr/lib/gcc/arm-none-eabi/14.2.0/../../../../arm-none-eabi/lib/thumb/v6-m/nofp/libc_nano.a(libc_a-freer.o)
                              /usr/lib/gcc/arm-none-eabi/14.2.0/../../../../arm-none-eabi/lib/thumb/v6-m/nofp/libc_nano.a(libc_a-reent.o) (_free_r)
/usr/lib/gcc/arm-none-eabi/14.2.0/../../../../arm-none-eabi/lib/thumb/v6-m/nofp/libc_nano.a(libc_a-mallocr.o)
[...]
Memory Configuration

Name             Origin             Length             Attributes
RAM              0x20000000         0x00001800         xrw
FLASH            0x08000000         0x00008000         xr
*default*        0x00000000         0xffffffff

Linker script and memory map

LOAD /usr/lib/gcc/arm-none-eabi/14.2.0/thumb/v6-m/nofp/crti.o
LOAD /usr/lib/gcc/arm-none-eabi/14.2.0/thumb/v6-m/nofp/crtbegin.o
LOAD /usr/lib/gcc/arm-none-eabi/14.2.0/../../../../arm-none-eabi/lib/thumb/v6-m/nofp/crt0.o
LOAD build/release/gpio.o
LOAD build/release/main.o
LOAD build/release/stm32f0xx_hal.o
LOAD build/release/stm32f0xx_hal_cortex.o
LOAD build/release/stm32f0xx_hal_dma.o
LOAD build/release/stm32f0xx_hal_exti.o
LOAD build/release/stm32f0xx_hal_flash.o
LOAD build/release/stm32f0xx_hal_flash_ex.o
LOAD build/release/stm32f0xx_hal_gpio.o
LOAD build/release/stm32f0xx_hal_i2c.o
LOAD build/release/stm32f0xx_hal_i2c_ex.o
LOAD build/release/stm32f0xx_hal_msp.o
LOAD build/release/stm32f0xx_hal_pcd.o
LOAD build/release/stm32f0xx_hal_pcd_ex.o
LOAD build/release/stm32f0xx_hal_pwr.o
LOAD build/release/stm32f0xx_hal_pwr_ex.o
LOAD build/release/stm32f0xx_hal_rcc.o
LOAD build/release/stm32f0xx_hal_rcc_ex.o
LOAD build/release/stm32f0xx_it.o
LOAD build/release/stm32f0xx_ll_usb.o
LOAD build/release/syscalls.o
LOAD build/release/sysmem.o
LOAD build/release/system_stm32f0xx.o
LOAD build/release/usb_device.o
LOAD build/release/usbd_conf.o
LOAD build/release/usbd_core.o
LOAD build/release/usbd_ctlreq.o
LOAD build/release/usbd_desc.o
LOAD build/release/usbd_hid.o
LOAD build/release/usbd_ioreq.o
LOAD build/release/startup_stm32f042x6.o
LOAD /usr/lib/gcc/arm-none-eabi/14.2.0/../../../../arm-none-eabi/lib/thumb/v6-m/nofp/libc_nano.a
LOAD /usr/lib/gcc/arm-none-eabi/14.2.0/../../../../arm-none-eabi/lib/thumb/v6-m/nofp/libm.a
LOAD /usr/lib/gcc/arm-none-eabi/14.2.0/../../../../arm-none-eabi/lib/thumb/v6-m/nofp/libnosys.a
START GROUP
LOAD /usr/lib/gcc/arm-none-eabi/14.2.0/thumb/v6-m/nofp/libgcc.a
LOAD /usr/lib/gcc/arm-none-eabi/14.2.0/../../../../arm-none-eabi/lib/thumb/v6-m/nofp/libc_nano.a
END GROUP
START GROUP
LOAD /usr/lib/gcc/arm-none-eabi/14.2.0/thumb/v6-m/nofp/libgcc.a
LOAD /usr/lib/gcc/arm-none-eabi/14.2.0/../../../../arm-none-eabi/lib/thumb/v6-m/nofp/libc_nano.a
END GROUP
LOAD /usr/lib/gcc/arm-none-eabi/14.2.0/thumb/v6-m/nofp/crtend.o
LOAD /usr/lib/gcc/arm-none-eabi/14.2.0/thumb/v6-m/nofp/crtn.o
                0x20001800                        _estack = (ORIGIN (RAM) + LENGTH (RAM))
                0x00000200                        _Min_Heap_Size = 0x200
                0x00000400                        _Min_Stack_Size = 0x400

.isr_vector     0x08000000       0xc0
                0x08000000                        . = ALIGN (0x4)
 *(.isr_vector)
 .isr_vector    0x08000000       0xc0 build/release/startup_stm32f042x6.o
                0x08000000                g_pfnVectors
                0x080000c0                        . = ALIGN (0x4)

.text           0x080000c0     0x3c44
                0x080000c0                        . = ALIGN (0x4)
 *(.text)
 .text          0x080000c0       0x8c /usr/lib/gcc/arm-none-eabi/14.2.0/thumb/v6-m/nofp/libgcc.a(_udivsi3.o)
                0x080000c0                __udivsi3
                0x080000c0                __aeabi_uidiv
                0x08000138                __aeabi_uidivmod
 .text          0x0800014c        0x4 /usr/lib/gcc/arm-none-eabi/14.2.0/thumb/v6-m/nofp/libgcc.a(_dvmd_tls.o)
                0x0800014c                __aeabi_ldiv0
                0x0800014c                __aeabi_idiv0
 *(.text*)
 .text.__do_global_dtors_aux
                0x08000150       0x28 /usr/lib/gcc/arm-none-eabi/14.2.0/thumb/v6-m/nofp/crtbegin.o
 .text.frame_dummy
                0x08000178       0x20 /usr/lib/gcc/arm-none-eabi/14.2.0/thumb/v6-m/nofp/crtbegin.o
 .text.MX_GPIO_Init
                0x08000198       0x40 build/release/gpio.o
                0x08000198                MX_GPIO_Init
 .text.addUSBReport
                0x080001d8       0x48 build/release/main.o
                0x080001d8                addUSBReport
 .text.Error_Handler
                0x08000220        0x4 build/release/main.o
                0x08000220                Error_Handler
 .text.SystemClock_Config
                0x08000224       0x74 build/release/main.o
                0x08000224                SystemClock_Config
 .text.main     0x08000298       0x34 build/release/main.o
                0x08000298                main
 .text.HAL_InitTick
                0x080002cc       0x50 build/release/stm32f0xx_hal.o
                0x080002cc                HAL_InitTick
 .text.HAL_Init
                0x0800031c       0x20 build/release/stm32f0xx_hal.o
                0x0800031c                HAL_Init
 .text.HAL_IncTick
                0x0800033c       0x18 build/release/stm32f0xx_hal.o
                0x0800033c                HAL_IncTick
 .text.HAL_GetTick
                0x08000354        0xc build/release/stm32f0xx_hal.o
                0x08000354                HAL_GetTick
 .text.HAL_Delay
                0x08000360       0x24 build/release/stm32f0xx_hal.o
                0x08000360                HAL_Delay
 .text.__NVIC_SetPriority
                0x08000384       0x60 build/release/stm32f0xx_hal_cortex.o
 .text.SysTick_Config
                0x080003e4       0x38 build/release/stm32f0xx_hal_cortex.o
 .text.HAL_NVIC_SetPriority
                0x0800041c        0x8 build/release/stm32f0xx_hal_cortex.o
                0x0800041c                HAL_NVIC_SetPriority
 .text.HAL_NVIC_EnableIRQ
                0x08000424       0x18 build/release/stm32f0xx_hal_cortex.o
                0x08000424                HAL_NVIC_EnableIRQ
 .text.HAL_SYSTICK_Config
                0x0800043c        0x8 build/release/stm32f0xx_hal_cortex.o
                0x0800043c                HAL_SYSTICK_Config
 .text.HAL_GPIO_Init
                0x08000444      0x17c build/release/stm32f0xx_hal_gpio.o
                0x08000444                HAL_GPIO_Init
 .text.HAL_MspInit
                0x080005c0       0x30 build/release/stm32f0xx_hal_msp.o
                0x080005c0                HAL_MspInit
 .text.HAL_PCD_EP_DB_Receive
                0x080005f0      0x110 build/release/stm32f0xx_hal_pcd.o
 .text.HAL_PCD_Init
                0x08000700       0xc0 build/release/stm32f0xx_hal_pcd.o
                0x08000700                HAL_PCD_Init
 .text.HAL_PCD_Start
                0x080007c0       0x2e build/release/stm32f0xx_hal_pcd.o
                0x080007c0                HAL_PCD_Start
 *fill*         0x080007ee        0x2 
 .text.HAL_PCD_EP_DB_Transmit
                0x080007f0      0x3d8 build/release/stm32f0xx_hal_pcd.o
 .text.PCD_EP_ISR_Handler
                0x08000bc8      0x560 build/release/stm32f0xx_hal_pcd.o
 .text.HAL_PCD_SetAddress
                0x08001128       0x2a build/release/stm32f0xx_hal_pcd.o
                0x08001128                HAL_PCD_SetAddress
 *fill*         0x08001152        0x2 
 .text.HAL_PCD_IRQHandler
                0x08001154      0x180 build/release/stm32f0xx_hal_pcd.o
                0x08001154                HAL_PCD_IRQHandler
 .text.HAL_PCD_EP_Open
                0x080012d4       0x7c build/release/stm32f0xx_hal_pcd.o
                0x080012d4                HAL_PCD_EP_Open
 .text.HAL_PCD_EP_Close
                0x08001350       0x6e build/release/stm32f0xx_hal_pcd.o
                0x08001350                HAL_PCD_EP_Close
 .text.HAL_PCD_EP_Receive
                0x080013be       0x4a build/release/stm32f0xx_hal_pcd.o
                0x080013be                HAL_PCD_EP_Receive
 .text.HAL_PCD_EP_Transmit
                0x08001408       0x66 build/release/stm32f0xx_hal_pcd.o
                0x08001408                HAL_PCD_EP_Transmit
 .text.HAL_PCD_EP_SetStall
                0x0800146e       0x74 build/release/stm32f0xx_hal_pcd.o
                0x0800146e                HAL_PCD_EP_SetStall
 .text.HAL_PCD_EP_ClrStall
                0x080014e2       0x80 build/release/stm32f0xx_hal_pcd.o
                0x080014e2                HAL_PCD_EP_ClrStall
 .text.HAL_PCDEx_PMAConfig
                0x08001562       0x3a build/release/stm32f0xx_hal_pcd_ex.o
                0x08001562                HAL_PCDEx_PMAConfig
 .text.HAL_PCDEx_ActivateLPM
                0x0800159c       0x2a build/release/stm32f0xx_hal_pcd_ex.o
                0x0800159c                HAL_PCDEx_ActivateLPM
 .text.HAL_PCDEx_LPM_Callback
                0x080015c6        0x2 build/release/stm32f0xx_hal_pcd_ex.o
                0x080015c6                HAL_PCDEx_LPM_Callback
 .text.HAL_RCC_OscConfig
                0x080015c8      0x544 build/release/stm32f0xx_hal_rcc.o
                0x080015c8                HAL_RCC_OscConfig
 .text.HAL_RCC_GetSysClockFreq
                0x08001b0c       0x78 build/release/stm32f0xx_hal_rcc.o
                0x08001b0c                HAL_RCC_GetSysClockFreq
 .text.HAL_RCC_ClockConfig
                0x08001b84      0x144 build/release/stm32f0xx_hal_rcc.o
                0x08001b84                HAL_RCC_ClockConfig
 .text.HAL_RCCEx_PeriphCLKConfig
                0x08001cc8      0x148 build/release/stm32f0xx_hal_rcc_ex.o
                0x08001cc8                HAL_RCCEx_PeriphCLKConfig
 .text.NMI_Handler
                0x08001e10        0x2 build/release/stm32f0xx_it.o
                0x08001e10                NMI_Handler
 .text.HardFault_Handler
                0x08001e12        0x2 build/release/stm32f0xx_it.o
                0x08001e12                HardFault_Handler
 .text.SVC_Handler
                0x08001e14        0x2 build/release/stm32f0xx_it.o
                0x08001e14                SVC_Handler
 .text.PendSV_Handler
                0x08001e16        0x2 build/release/stm32f0xx_it.o
                0x08001e16                PendSV_Handler
 .text.SysTick_Handler
                0x08001e18        0x8 build/release/stm32f0xx_it.o
                0x08001e18                SysTick_Handler
 .text.USB_IRQHandler
                0x08001e20       0x10 build/release/stm32f0xx_it.o
                0x08001e20                USB_IRQHandler
 .text.USB_EnableGlobalInt
                0x08001e30       0x14 build/release/stm32f0xx_ll_usb.o
                0x08001e30                USB_EnableGlobalInt
 .text.USB_DisableGlobalInt
                0x08001e44       0x14 build/release/stm32f0xx_ll_usb.o
                0x08001e44                USB_DisableGlobalInt
 .text.USB_DevInit
                0x08001e58       0x1e build/release/stm32f0xx_ll_usb.o
                0x08001e58                USB_DevInit
 *fill*         0x08001e76        0x2 
 .text.USB_ActivateEndpoint
                0x08001e78      0x324 build/release/stm32f0xx_ll_usb.o
                0x08001e78                USB_ActivateEndpoint
 .text.USB_DeactivateEndpoint
                0x0800219c      0x170 build/release/stm32f0xx_ll_usb.o
                0x0800219c                USB_DeactivateEndpoint
 .text.USB_EPSetStall
                0x0800230c       0x4c build/release/stm32f0xx_ll_usb.o
                0x0800230c                USB_EPSetStall
 .text.USB_EPClearStall
                0x08002358       0x9c build/release/stm32f0xx_ll_usb.o
                0x08002358                USB_EPClearStall
 .text.USB_SetDevAddress
                0x080023f4        0xe build/release/stm32f0xx_ll_usb.o
                0x080023f4                USB_SetDevAddress
 *fill*         0x08002402        0x2 
 .text.USB_DevConnect
                0x08002404       0x14 build/release/stm32f0xx_ll_usb.o
                0x08002404                USB_DevConnect
 .text.USB_ReadInterrupts
                0x08002418        0x8 build/release/stm32f0xx_ll_usb.o
                0x08002418                USB_ReadInterrupts
 .text.USB_WritePMA
                0x08002420       0x28 build/release/stm32f0xx_ll_usb.o
                0x08002420                USB_WritePMA
 .text.USB_EPStartXfer
                0x08002448      0x734 build/release/stm32f0xx_ll_usb.o
                0x08002448                USB_EPStartXfer
 .text.USB_ReadPMA
                0x08002b7c       0x2c build/release/stm32f0xx_ll_usb.o
                0x08002b7c                USB_ReadPMA
 .text.SystemInit
                0x08002ba8        0x2 build/release/system_stm32f0xx.o
                0x08002ba8                SystemInit
 *fill*         0x08002baa        0x2 
 .text.MX_USB_DEVICE_Init
                0x08002bac       0x48 build/release/usb_device.o
                0x08002bac                MX_USB_DEVICE_Init
 .text.USBD_Get_USB_Status
                0x08002bf4       0x16 build/release/usbd_conf.o
 .text.SystemClockConfig_Resume
                0x08002c0a        0x8 build/release/usbd_conf.o
 *fill*         0x08002c12        0x2 
 .text.HAL_PCD_MspInit
                0x08002c14       0x40 build/release/usbd_conf.o
                0x08002c14                HAL_PCD_MspInit
 .text.HAL_PCD_SetupStageCallback
                0x08002c54       0x16 build/release/usbd_conf.o
                0x08002c54                HAL_PCD_SetupStageCallback
 .text.HAL_PCD_DataOutStageCallback
                0x08002c6a       0x1e build/release/usbd_conf.o
                0x08002c6a                HAL_PCD_DataOutStageCallback
 .text.HAL_PCD_DataInStageCallback
                0x08002c88       0x1a build/release/usbd_conf.o
                0x08002c88                HAL_PCD_DataInStageCallback
 .text.HAL_PCD_SOFCallback
                0x08002ca2        0xe build/release/usbd_conf.o
                0x08002ca2                HAL_PCD_SOFCallback
 .text.HAL_PCD_ResetCallback
                0x08002cb0       0x24 build/release/usbd_conf.o
                0x08002cb0                HAL_PCD_ResetCallback
 .text.HAL_PCD_SuspendCallback
                0x08002cd4       0x24 build/release/usbd_conf.o
                0x08002cd4                HAL_PCD_SuspendCallback
 .text.HAL_PCD_ResumeCallback
                0x08002cf8       0x2c build/release/usbd_conf.o
                0x08002cf8                HAL_PCD_ResumeCallback
 .text.USBD_LL_Init
                0x08002d24       0x6c build/release/usbd_conf.o
                0x08002d24                USBD_LL_Init
 .text.USBD_LL_Start
                0x08002d90       0x12 build/release/usbd_conf.o
                0x08002d90                USBD_LL_Start
 .text.USBD_LL_OpenEP
                0x08002da2       0x18 build/release/usbd_conf.o
                0x08002da2                USBD_LL_OpenEP
 .text.USBD_LL_CloseEP
                0x08002dba       0x12 build/release/usbd_conf.o
                0x08002dba                USBD_LL_CloseEP
 .text.USBD_LL_StallEP
                0x08002dcc       0x12 build/release/usbd_conf.o
                0x08002dcc                USBD_LL_StallEP
 .text.USBD_LL_ClearStallEP
                0x08002dde       0x12 build/release/usbd_conf.o
                0x08002dde                USBD_LL_ClearStallEP
 .text.USBD_LL_IsStallEP
                0x08002df0       0x30 build/release/usbd_conf.o
                0x08002df0                USBD_LL_IsStallEP
 .text.USBD_LL_SetUSBAddress
                0x08002e20       0x12 build/release/usbd_conf.o
                0x08002e20                USBD_LL_SetUSBAddress
 .text.USBD_LL_Transmit
                0x08002e32       0x12 build/release/usbd_conf.o
                0x08002e32                USBD_LL_Transmit
 .text.USBD_LL_PrepareReceive
                0x08002e44       0x12 build/release/usbd_conf.o
                0x08002e44                USBD_LL_PrepareReceive
 *fill*         0x08002e56        0x2 
 .text.USBD_static_malloc
                0x08002e58        0x8 build/release/usbd_conf.o
                0x08002e58                USBD_static_malloc
 .text.USBD_static_free
                0x08002e60        0x2 build/release/usbd_conf.o
                0x08002e60                USBD_static_free
 .text.USBD_Init
                0x08002e62       0x38 build/release/usbd_core.o
                0x08002e62                USBD_Init
 .text.USBD_RegisterClass
                0x08002e9a       0x12 build/release/usbd_core.o
                0x08002e9a                USBD_RegisterClass
 .text.USBD_Start
                0x08002eac        0xa build/release/usbd_core.o
                0x08002eac                USBD_Start
 .text.USBD_SetClassConfig
                0x08002eb6       0x1e build/release/usbd_core.o
                0x08002eb6                USBD_SetClassConfig
 .text.USBD_ClrClassConfig
                0x08002ed4       0x10 build/release/usbd_core.o
                0x08002ed4                USBD_ClrClassConfig
 .text.USBD_LL_SetupStage
                0x08002ee4       0x64 build/release/usbd_core.o
                0x08002ee4                USBD_LL_SetupStage
 .text.USBD_LL_DataOutStage
                0x08002f48       0xa4 build/release/usbd_core.o
                0x08002f48                USBD_LL_DataOutStage
 .text.USBD_LL_DataInStage
                0x08002fec       0xea build/release/usbd_core.o
                0x08002fec                USBD_LL_DataInStage
 .text.USBD_LL_Reset
                0x080030d6       0x5e build/release/usbd_core.o
                0x080030d6                USBD_LL_Reset
 .text.USBD_LL_SetSpeed
                0x08003134        0x6 build/release/usbd_core.o
                0x08003134                USBD_LL_SetSpeed
 *fill*         0x0800313a        0x2 
 .text.USBD_LL_Suspend
                0x0800313c       0x18 build/release/usbd_core.o
                0x0800313c                USBD_LL_Suspend
 .text.USBD_LL_Resume
                0x08003154       0x1c build/release/usbd_core.o
                0x08003154                USBD_LL_Resume
 .text.USBD_LL_SOF
                0x08003170       0x20 build/release/usbd_core.o
                0x08003170                USBD_LL_SOF
 .text.USBD_GetLen
                0x08003190       0x14 build/release/usbd_ctlreq.o
 .text.USBD_SetFeature
                0x080031a4       0x18 build/release/usbd_ctlreq.o
 .text.USBD_ParseSetupRequest
                0x080031bc       0x28 build/release/usbd_ctlreq.o
                0x080031bc                USBD_ParseSetupRequest
 .text.USBD_CtlError
                0x080031e4       0x14 build/release/usbd_ctlreq.o
                0x080031e4                USBD_CtlError
 .text.USBD_GetDescriptor
                0x080031f8      0x1b8 build/release/usbd_ctlreq.o
 .text.USBD_SetAddress
                0x080033b0       0x60 build/release/usbd_ctlreq.o
 .text.USBD_SetConfig
                0x08003410       0xb8 build/release/usbd_ctlreq.o
 .text.USBD_GetConfig
                0x080034c8       0x40 build/release/usbd_ctlreq.o
 .text.USBD_GetStatus
                0x08003508       0x3e build/release/usbd_ctlreq.o
 .text.USBD_ClrFeature
                0x08003546       0x2a build/release/usbd_ctlreq.o
 .text.USBD_StdDevReq
                0x08003570       0x6c build/release/usbd_ctlreq.o
                0x08003570                USBD_StdDevReq
 .text.USBD_StdItfReq
                0x080035dc       0x66 build/release/usbd_ctlreq.o
                0x080035dc                USBD_StdItfReq
 .text.USBD_StdEPReq
                0x08003642      0x210 build/release/usbd_ctlreq.o
                0x08003642                USBD_StdEPReq
 .text.USBD_GetString
                0x08003852       0x3c build/release/usbd_ctlreq.o
                0x08003852                USBD_GetString
 *fill*         0x0800388e        0x2 
 .text.USBD_FS_DeviceDescriptor
                0x08003890        0xc build/release/usbd_desc.o
                0x08003890                USBD_FS_DeviceDescriptor
 .text.USBD_FS_LangIDStrDescriptor
                0x0800389c        0xc build/release/usbd_desc.o
                0x0800389c                USBD_FS_LangIDStrDescriptor
 .text.IntToUnicode
                0x080038a8       0x30 build/release/usbd_desc.o
 .text.Get_SerialNum
                0x080038d8       0x40 build/release/usbd_desc.o
 .text.USBD_FS_SerialStrDescriptor
                0x08003918       0x14 build/release/usbd_desc.o
                0x08003918                USBD_FS_SerialStrDescriptor
 .text.USBD_FS_ProductStrDescriptor
                0x0800392c       0x28 build/release/usbd_desc.o
                0x0800392c                USBD_FS_ProductStrDescriptor
 .text.USBD_FS_ManufacturerStrDescriptor
                0x08003954       0x1c build/release/usbd_desc.o
                0x08003954                USBD_FS_ManufacturerStrDescriptor
 .text.USBD_FS_ConfigStrDescriptor
                0x08003970       0x28 build/release/usbd_desc.o
                0x08003970                USBD_FS_ConfigStrDescriptor
 .text.USBD_FS_InterfaceStrDescriptor
                0x08003998       0x28 build/release/usbd_desc.o
                0x08003998                USBD_FS_InterfaceStrDescriptor
 .text.USBD_HID_GetFSCfgDesc
                0x080039c0        0xc build/release/usbd_hid.o
 .text.USBD_HID_GetHSCfgDesc
                0x080039cc        0xc build/release/usbd_hid.o
 .text.USBD_HID_GetOtherSpeedCfgDesc
                0x080039d8        0xc build/release/usbd_hid.o
 .text.USBD_HID_DataIn
                0x080039e4        0xe build/release/usbd_hid.o
 *fill*         0x080039f2        0x2 
 .text.USBD_HID_GetDeviceQualifierDesc
                0x080039f4        0xc build/release/usbd_hid.o
 .text.USBD_HID_Setup
                0x08003a00      0x124 build/release/usbd_hid.o
 .text.USBD_HID_DeInit
                0x08003b24       0x28 build/release/usbd_hid.o
 .text.USBD_HID_Init
                0x08003b4c       0x2e build/release/usbd_hid.o
 .text.USBD_HID_SendReport
                0x08003b7a       0x2a build/release/usbd_hid.o
                0x08003b7a                USBD_HID_SendReport
 .text.USBD_CtlSendData
                0x08003ba4       0x1c build/release/usbd_ioreq.o
                0x08003ba4                USBD_CtlSendData
 .text.USBD_CtlContinueSendData
                0x08003bc0       0x10 build/release/usbd_ioreq.o
                0x08003bc0                USBD_CtlContinueSendData
 .text.USBD_CtlContinueRx
                0x08003bd0       0x10 build/release/usbd_ioreq.o
                0x08003bd0                USBD_CtlContinueRx
 .text.USBD_CtlSendStatus
                0x08003be0       0x18 build/release/usbd_ioreq.o
                0x08003be0                USBD_CtlSendStatus
 .text.USBD_CtlReceiveStatus
                0x08003bf8       0x18 build/release/usbd_ioreq.o
                0x08003bf8                USBD_CtlReceiveStatus
 .text.Reset_Handler
                0x08003c10       0x80 build/release/startup_stm32f042x6.o
                0x08003c10                Reset_Handler
 .text.Default_Handler
                0x08003c90        0x2 build/release/startup_stm32f042x6.o
                0x08003c90                TIM1_CC_IRQHandler
                0x08003c90                TSC_IRQHandler
                0x08003c90                I2C1_IRQHandler
                0x08003c90                RCC_CRS_IRQHandler
                0x08003c90                SPI1_IRQHandler
                0x08003c90                EXTI2_3_IRQHandler
                0x08003c90                ADC1_IRQHandler
                0x08003c90                TIM17_IRQHandler
                0x08003c90                CEC_CAN_IRQHandler
                0x08003c90                RTC_IRQHandler
                0x08003c90                PVD_VDDIO2_IRQHandler
                0x08003c90                TIM16_IRQHandler
                0x08003c90                TIM3_IRQHandler
                0x08003c90                EXTI4_15_IRQHandler
                0x08003c90                DMA1_Channel1_IRQHandler
                0x08003c90                Default_Handler
                0x08003c90                TIM14_IRQHandler
                0x08003c90                DMA1_Channel4_5_IRQHandler
                0x08003c90                EXTI0_1_IRQHandler
                0x08003c90                SPI2_IRQHandler
                0x08003c90                WWDG_IRQHandler
                0x08003c90                TIM2_IRQHandler
                0x08003c90                DMA1_Channel2_3_IRQHandler
                0x08003c90                USART2_IRQHandler
                0x08003c90                FLASH_IRQHandler
                0x08003c90                USART1_IRQHandler
                0x08003c90                TIM1_BRK_UP_TRG_COM_IRQHandler
 .text.memset   0x08003c92       0x10 /usr/lib/gcc/arm-none-eabi/14.2.0/../../../../arm-none-eabi/lib/thumb/v6-m/nofp/libc_nano.a(libc_a-memset.o)
                0x08003c92                memset
 *fill*         0x08003ca2        0x2 
 .text.__libc_init_array
                0x08003ca4       0x48 /usr/lib/gcc/arm-none-eabi/14.2.0/../../../../arm-none-eabi/lib/thumb/v6-m/nofp/libc_nano.a(libc_a-init.o)
                0x08003ca4                __libc_init_array
 *(.glue_7)
 .glue_7        0x08003cec        0x0 linker stubs
 *(.glue_7t)
 .glue_7t       0x08003cec        0x0 linker stubs
 *(.eh_frame)
 .eh_frame      0x08003cec        0x0 /usr/lib/gcc/arm-none-eabi/14.2.0/thumb/v6-m/nofp/crtbegin.o
 *(.init)
 .init          0x08003cec        0x4 /usr/lib/gcc/arm-none-eabi/14.2.0/thumb/v6-m/nofp/crti.o
                0x08003cec                _init
 .init          0x08003cf0        0x8 /usr/lib/gcc/arm-none-eabi/14.2.0/thumb/v6-m/nofp/crtn.o
 *(.fini)
 .fini          0x08003cf8        0x4 /usr/lib/gcc/arm-none-eabi/14.2.0/thumb/v6-m/nofp/crti.o
                0x08003cf8                _fini
 .fini          0x08003cfc        0x8 /usr/lib/gcc/arm-none-eabi/14.2.0/thumb/v6-m/nofp/crtn.o
                0x08003d04                        . = ALIGN (0x4)
                0x08003d04                        _etext = .

.vfp11_veneer   0x08003d04        0x0
 .vfp11_veneer  0x08003d04        0x0 linker stubs

.v4_bx          0x08003d04        0x0
 .v4_bx         0x08003d04        0x0 linker stubs

.iplt           0x08003d04        0x0
 .iplt          0x08003d04        0x0 /usr/lib/gcc/arm-none-eabi/14.2.0/thumb/v6-m/nofp/crtbegin.o

.rodata         0x08003d04       0xc0
                0x08003d04                        . = ALIGN (0x4)
 *(.rodata)
 *(.rodata*)
 .rodata.aPredivFactorTable.0
                0x08003d04       0x10 build/release/stm32f0xx_hal_rcc.o
 .rodata.aPLLMULFactorTable.1
                0x08003d14       0x10 build/release/stm32f0xx_hal_rcc.o
 .rodata.AHBPrescTable
                0x08003d24       0x10 build/release/system_stm32f0xx.o
                0x08003d24                AHBPrescTable
 .rodata.USBD_GetDescriptor
                0x08003d34       0x38 build/release/usbd_ctlreq.o
 .rodata.USBD_StdDevReq
                0x08003d6c       0x28 build/release/usbd_ctlreq.o
 .rodata.USBD_FS_ProductStrDescriptor.str1.4
                0x08003d94       0x2e build/release/usbd_desc.o
                                  0xb (size before relaxing)
 .rodata.USBD_FS_ManufacturerStrDescriptor.str1.4
                0x08003dc2        0x8 build/release/usbd_desc.o
 .rodata.USBD_FS_ConfigStrDescriptor.str1.4
                0x08003dc2        0xb build/release/usbd_desc.o
 .rodata.USBD_FS_InterfaceStrDescriptor.str1.4
                0x08003dc2        0xe build/release/usbd_desc.o
                0x08003dd0                        . = ALIGN (0x4)
 *fill*         0x08003dc2        0x2 

.ARM.extab      0x08003dc4        0x0
                0x08003dc4                        . = ALIGN (0x4)
 *(.ARM.extab* .gnu.linkonce.armextab.*)
                0x08003dc4                        . = ALIGN (0x4)

.ARM            0x08003dc4        0x0
                0x08003dc4                        . = ALIGN (0x4)
                0x08003dc4                        __exidx_start = .
 *(.ARM.exidx*)
                0x08003dc4                        __exidx_end = .
                0x08003dc4                        . = ALIGN (0x4)

.preinit_array  0x08003dc4        0x0
                0x08003dc4                        . = ALIGN (0x4)
                0x08003dc4                        PROVIDE (__preinit_array_start = .)
 *(.preinit_array*)
                0x08003dc4                        PROVIDE (__preinit_array_end = .)
                0x08003dc4                        . = ALIGN (0x4)

.init_array     0x08003dc4        0x4
                0x08003dc4                        . = ALIGN (0x4)
                0x08003dc4                        PROVIDE (__init_array_start = .)
 *(SORT_BY_NAME(.init_array.*))
 *(.init_array*)
 .init_array    0x08003dc4        0x4 /usr/lib/gcc/arm-none-eabi/14.2.0/thumb/v6-m/nofp/crtbegin.o
                0x08003dc8                        PROVIDE (__init_array_end = .)
                0x08003dc8                        . = ALIGN (0x4)

.fini_array     0x08003dc8        0x4
                0x08003dc8                        . = ALIGN (0x4)
                0x08003dc8                        PROVIDE (__fini_array_start = .)
 *(SORT_BY_NAME(.fini_array.*))
 *(.fini_array*)
 .fini_array    0x08003dc8        0x4 /usr/lib/gcc/arm-none-eabi/14.2.0/thumb/v6-m/nofp/crtbegin.o
                0x08003dcc                        PROVIDE (__fini_array_end = .)
                0x08003dcc                        . = ALIGN (0x4)
                0x08003dcc                        _sidata = LOADADDR (.data)

.rel.dyn        0x08003dcc        0x0
 .rel.iplt      0x08003dcc        0x0 /usr/lib/gcc/arm-none-eabi/14.2.0/thumb/v6-m/nofp/crtbegin.o

.data           0x20000000      0x148 load address 0x08003dcc
                0x20000000                        . = ALIGN (0x4)
                0x20000000                        _sdata = .
 *(.data)
 *(.data*)
 .data.uwTickFreq
                0x20000000        0x1 build/release/stm32f0xx_hal.o
                0x20000000                uwTickFreq
 *fill*         0x20000001        0x3 
 .data.uwTickPrio
                0x20000004        0x4 build/release/stm32f0xx_hal.o
                0x20000004                uwTickPrio
 .data.SystemCoreClock
                0x20000008        0x4 build/release/system_stm32f0xx.o
                0x20000008                SystemCoreClock
 .data.USBD_StringSerial
                0x2000000c       0x1a build/release/usbd_desc.o
                0x2000000c                USBD_StringSerial
 *fill*         0x20000026        0x2 
 .data.USBD_LangIDDesc
                0x20000028        0x4 build/release/usbd_desc.o
                0x20000028                USBD_LangIDDesc
 .data.USBD_FS_DeviceDesc
                0x2000002c       0x12 build/release/usbd_desc.o
                0x2000002c                USBD_FS_DeviceDesc
 *fill*         0x2000003e        0x2 
 .data.FS_Desc  0x20000040       0x1c build/release/usbd_desc.o
                0x20000040                FS_Desc
 .data.HID_MOUSE_ReportDesc
                0x2000005c       0x2d build/release/usbd_hid.o
 *fill*         0x20000089        0x3 
 .data.USBD_HID_DeviceQualifierDesc
                0x2000008c        0xa build/release/usbd_hid.o
 *fill*         0x20000096        0x2 
 .data.USBD_HID_Desc
                0x20000098        0x9 build/release/usbd_hid.o
 *fill*         0x200000a1        0x3 
 .data.USBD_HID_OtherSpeedCfgDesc
                0x200000a4       0x22 build/release/usbd_hid.o
 *fill*         0x200000c6        0x2 
 .data.USBD_HID_CfgHSDesc
                0x200000c8       0x22 build/release/usbd_hid.o
 *fill*         0x200000ea        0x2 
 .data.USBD_HID_CfgFSDesc
                0x200000ec       0x22 build/release/usbd_hid.o
 *fill*         0x2000010e        0x2 
 .data.USBD_HID
                0x20000110       0x38 build/release/usbd_hid.o
                0x20000110                USBD_HID
 *(.RamFunc)
 *(.RamFunc*)
                0x20000148                        . = ALIGN (0x4)

.igot.plt       0x20000148        0x0 load address 0x08003f14
 .igot.plt      0x20000148        0x0 /usr/lib/gcc/arm-none-eabi/14.2.0/thumb/v6-m/nofp/crtbegin.o

.tdata          0x20000148        0x0 load address 0x08003f14
 *(.tdata .tdata.* .gnu.linkonce.td.*)
                0x20000148                        . = ALIGN (0x4)
                0x20000148                        _edata = .
                [!provide]                        PROVIDE (__data_end = .)
                [!provide]                        PROVIDE (__tdata_end = .)
                [!provide]                        PROVIDE (__tdata_start = ADDR (.tdata))
                [!provide]                        PROVIDE (__tdata_size = (__tdata_end - __tdata_start))
                [!provide]                        PROVIDE (__data_start = ADDR (.data))
                [!provide]                        PROVIDE (__data_size = (__data_end - __data_start))
                [!provide]                        PROVIDE (__tdata_source = LOADADDR (.tdata))
                [!provide]                        PROVIDE (__tdata_source_end = (LOADADDR (.tdata) + SIZEOF (.tdata)))
                [!provide]                        PROVIDE (__tdata_source_size = (__tdata_source_end - __tdata_source))
                [!provide]                        PROVIDE (__data_source = LOADADDR (.data))
                [!provide]                        PROVIDE (__data_source_end = __tdata_source_end)
                [!provide]                        PROVIDE (__data_source_size = (__data_source_end - __data_source))

.tbss           0x20000148        0x0 load address 0x08003f14
                0x20000148                        _sbss = .
                0x20000148                        __bss_start__ = _sbss
 *(.tbss .tbss.*)
                0x20000148                        . = ALIGN (0x4)
                [!provide]                        PROVIDE (__tbss_end = .)
                [!provide]                        PROVIDE (__tbss_start = ADDR (.tbss))
                [!provide]                        PROVIDE (__tbss_size = (__tbss_end - __tbss_start))
                [!provide]                        PROVIDE (__tbss_offset = (ADDR (.tbss) - ADDR (.tdata)))
                [!provide]                        PROVIDE (__tls_base = __tdata_start)
                [!provide]                        PROVIDE (__tls_end = __tbss_end)
                [!provide]                        PROVIDE (__tls_size = (__tls_end - __tls_base))
                [!provide]                        PROVIDE (__tls_align = MAX (ALIGNOF (.tdata), ALIGNOF (.tbss)))
                [!provide]                        PROVIDE (__tls_size_align = (((__tls_size + __tls_align) - 0x1) & ~ ((__tls_align - 0x1))))
                [!provide]                        PROVIDE (__arm32_tls_tcb_offset = MAX (0x8, __tls_align))
                [!provide]                        PROVIDE (__arm64_tls_tcb_offset = MAX (0x10, __tls_align))

.bss            0x20000148      0x7e8 load address 0x08003f14
 *(.bss)
 *(.bss*)
 .bss.completed.1
                0x20000148        0x1 /usr/lib/gcc/arm-none-eabi/14.2.0/thumb/v6-m/nofp/crtbegin.o
 *fill*         0x20000149        0x3 
 .bss.object.0  0x2000014c       0x18 /usr/lib/gcc/arm-none-eabi/14.2.0/thumb/v6-m/nofp/crtbegin.o
 .bss.REPORT    0x20000164        0xe build/release/main.o
                0x20000164                REPORT
 *fill*         0x20000172        0x2 
 .bss.uwTick    0x20000174        0x4 build/release/stm32f0xx_hal.o
                0x20000174                uwTick
 .bss.hUsbDeviceFS
                0x20000178      0x2c4 build/release/usb_device.o
                0x20000178                hUsbDeviceFS
 .bss.mem.0     0x2000043c       0x14 build/release/usbd_conf.o
 .bss.hpcd_USB_FS
                0x20000450      0x2dc build/release/usbd_conf.o
                0x20000450                hpcd_USB_FS
 .bss.cfgidx.0  0x2000072c        0x1 build/release/usbd_ctlreq.o
 *fill*         0x2000072d        0x3 
 .bss.USBD_StrDesc
                0x20000730      0x200 build/release/usbd_desc.o
                0x20000730                USBD_StrDesc
 *(COMMON)
                0x20000930                        . = ALIGN (0x4)
                0x20000930                        _ebss = .
                0x20000930                        __bss_end__ = _ebss
                [!provide]                        PROVIDE (__bss_end = .)
                [!provide]                        PROVIDE (__non_tls_bss_start = ADDR (.bss))
                [!provide]                        PROVIDE (__bss_start = __tbss_start)
                [!provide]                        PROVIDE (__bss_size = (__bss_end - __bss_start))

._user_heap_stack
                0x20000930      0x600 load address 0x08003f14
                0x20000930                        . = ALIGN (0x8)
                [!provide]                        PROVIDE (end = .)
                0x20000930                        PROVIDE (_end = .)
                0x20000b30                        . = (. + _Min_Heap_Size)
 *fill*         0x20000930      0x200 
                0x20000f30                        . = (. + _Min_Stack_Size)
 *fill*         0x20000b30      0x400 
                0x20000f30                        . = ALIGN (0x8)

/DISCARD/
 libc.a:*(*)
 libm.a:*(*)
 libgcc.a:*(*)
OUTPUT(build/release/galaxy-mai.elf elf32-littlearm)
LOAD linker stubs

.ARM.attributes
                0x00000000       0x28
 .ARM.attributes
                0x00000000       0x1e /usr/lib/gcc/arm-none-eabi/14.2.0/thumb/v6-m/nofp/crti.o
 .ARM.attributes
                0x0000001e       0x2c /usr/lib/gcc/arm-none-eabi/14.2.0/thumb/v6-m/nofp/crtbegin.o
 .ARM.attributes
                0x0000004a       0x2c build/release/gpio.o
 .ARM.attributes
                0x00000076       0x2c build/release/main.o
 .ARM.attributes
                0x000000a2       0x2c build/release/stm32f0xx_hal.o
 .ARM.attributes
                0x000000ce       0x2c build/release/stm32f0xx_hal_cortex.o
 .ARM.attributes
                0x000000fa       0x2c build/release/stm32f0xx_hal_gpio.o
 .ARM.attributes
                0x00000126       0x2c build/release/stm32f0xx_hal_msp.o
 .ARM.attributes
                0x00000152       0x2c build/release/stm32f0xx_hal_pcd.o
 .ARM.attributes
                0x0000017e       0x2c build/release/stm32f0xx_hal_pcd_ex.o
 .ARM.attributes
                0x000001aa       0x2c build/release/stm32f0xx_hal_rcc.o
 .ARM.attributes
                0x000001d6       0x2c build/release/stm32f0xx_hal_rcc_ex.o
 .ARM.attributes
                0x00000202       0x2c build/release/stm32f0xx_it.o
 .ARM.attributes
                0x0000022e       0x2c build/release/stm32f0xx_ll_usb.o
 .ARM.attributes
                0x0000025a       0x2c build/release/system_stm32f0xx.o
 .ARM.attributes
                0x00000286       0x2c build/release/usb_device.o
 .ARM.attributes
                0x000002b2       0x2c build/release/usbd_conf.o
 .ARM.attributes
                0x000002de       0x2c build/release/usbd_core.o
 .ARM.attributes
                0x0000030a       0x2c build/release/usbd_ctlreq.o
 .ARM.attributes
                0x00000336       0x2c build/release/usbd_desc.o
 .ARM.attributes
                0x00000362       0x2c build/release/usbd_hid.o
 .ARM.attributes
                0x0000038e       0x2c build/release/usbd_ioreq.o
 .ARM.attributes
                0x000003ba       0x21 build/release/startup_stm32f042x6.o
 .ARM.attributes
                0x000003db       0x2c /usr/lib/gcc/arm-none-eabi/14.2.0/../../../../arm-none-eabi/lib/thumb/v6-m/nofp/libc_nano.a(libc_a-memset.o)
 .ARM.attributes
                0x00000407       0x2c /usr/lib/gcc/arm-none-eabi/14.2.0/../../../../arm-none-eabi/lib/thumb/v6-m/nofp/libc_nano.a(libc_a-init.o)
 .ARM.attributes
                0x00000433       0x1e /usr/lib/gcc/arm-none-eabi/14.2.0/thumb/v6-m/nofp/libgcc.a(_udivsi3.o)
 .ARM.attributes
                0x00000451       0x1e /usr/lib/gcc/arm-none-eabi/14.2.0/thumb/v6-m/nofp/libgcc.a(_dvmd_tls.o)
 .ARM.attributes
                0x0000046f       0x1e /usr/lib/gcc/arm-none-eabi/14.2.0/thumb/v6-m/nofp/crtn.o

.comment        0x00000000       0x1e
 .comment       0x00000000       0x1e build/release/gpio.o
                                 0x1f (size before relaxing)
 .comment       0x0000001e       0x1f build/release/main.o
 .comment       0x0000001e       0x1f build/release/stm32f0xx_hal.o
 .comment       0x0000001e       0x1f build/release/stm32f0xx_hal_cortex.o
 .comment       0x0000001e       0x1f build/release/stm32f0xx_hal_gpio.o
 .comment       0x0000001e       0x1f build/release/stm32f0xx_hal_msp.o
 .comment       0x0000001e       0x1f build/release/stm32f0xx_hal_pcd.o
 .comment       0x0000001e       0x1f build/release/stm32f0xx_hal_pcd_ex.o
 .comment       0x0000001e       0x1f build/release/stm32f0xx_hal_rcc.o
 .comment       0x0000001e       0x1f build/release/stm32f0xx_hal_rcc_ex.o
 .comment       0x0000001e       0x1f build/release/stm32f0xx_it.o
 .comment       0x0000001e       0x1f build/release/stm32f0xx_ll_usb.o
 .comment       0x0000001e       0x1f build/release/system_stm32f0xx.o
 .comment       0x0000001e       0x1f build/release/usb_device.o
 .comment       0x0000001e       0x1f build/release/usbd_conf.o
 .comment       0x0000001e       0x1f build/release/usbd_core.o
 .comment       0x0000001e       0x1f build/release/usbd_ctlreq.o
 .comment       0x0000001e       0x1f build/release/usbd_desc.o
 .comment       0x0000001e       0x1f build/release/usbd_hid.o
 .comment       0x0000001e       0x1f build/release/usbd_ioreq.o
 .comment       0x0000001e       0x1f /usr/lib/gcc/arm-none-eabi/14.2.0/../../../../arm-none-eabi/lib/thumb/v6-m/nofp/libc_nano.a(libc_a-memset.o)
 .comment       0x0000001e       0x1f /usr/lib/gcc/arm-none-eabi/14.2.0/../../../../arm-none-eabi/lib/thumb/v6-m/nofp/libc_nano.a(libc_a-init.o)

.debug_info     0x00000000      0x264
 .debug_info    0x00000000       0xe0 /usr/lib/gcc/arm-none-eabi/14.2.0/../../../../arm-none-eabi/lib/thumb/v6-m/nofp/libc_nano.a(libc_a-memset.o)
 .debug_info    0x000000e0      0x10b /usr/lib/gcc/arm-none-eabi/14.2.0/../../../../arm-none-eabi/lib/thumb/v6-m/nofp/libc_nano.a(libc_a-init.o)
 .debug_info    0x000001eb       0x3d /usr/lib/gcc/arm-none-eabi/14.2.0/thumb/v6-m/nofp/libgcc.a(_udivsi3.o)
 .debug_info    0x00000228       0x3c /usr/lib/gcc/arm-none-eabi/14.2.0/thumb/v6-m/nofp/libgcc.a(_dvmd_tls.o)

.debug_abbrev   0x00000000      0x1b5
 .debug_abbrev  0x00000000       0x9e /usr/lib/gcc/arm-none-eabi/14.2.0/../../../../arm-none-eabi/lib/thumb/v6-m/nofp/libc_nano.a(libc_a-memset.o)
 .debug_abbrev  0x0000009e       0xc9 /usr/lib/gcc/arm-none-eabi/14.2.0/../../../../arm-none-eabi/lib/thumb/v6-m/nofp/libc_nano.a(libc_a-init.o)
 .debug_abbrev  0x00000167       0x28 /usr/lib/gcc/arm-none-eabi/14.2.0/thumb/v6-m/nofp/libgcc.a(_udivsi3.o)
 .debug_abbrev  0x0000018f       0x26 /usr/lib/gcc/arm-none-eabi/14.2.0/thumb/v6-m/nofp/libgcc.a(_dvmd_tls.o)

.debug_loclists
                0x00000000       0xdb
 .debug_loclists
                0x00000000       0x80 /usr/lib/gcc/arm-none-eabi/14.2.0/../../../../arm-none-eabi/lib/thumb/v6-m/nofp/libc_nano.a(libc_a-memset.o)
 .debug_loclists
                0x00000080       0x5b /usr/lib/gcc/arm-none-eabi/14.2.0/../../../../arm-none-eabi/lib/thumb/v6-m/nofp/libc_nano.a(libc_a-init.o)

.debug_aranges  0x00000000       0x80
 .debug_aranges
                0x00000000       0x20 /usr/lib/gcc/arm-none-eabi/14.2.0/../../../../arm-none-eabi/lib/thumb/v6-m/nofp/libc_nano.a(libc_a-memset.o)
 .debug_aranges
                0x00000020       0x20 /usr/lib/gcc/arm-none-eabi/14.2.0/../../../../arm-none-eabi/lib/thumb/v6-m/nofp/libc_nano.a(libc_a-init.o)
 .debug_aranges
                0x00000040       0x20 /usr/lib/gcc/arm-none-eabi/14.2.0/thumb/v6-m/nofp/libgcc.a(_udivsi3.o)
 .debug_aranges
                0x00000060       0x20 /usr/lib/gcc/arm-none-eabi/14.2.0/thumb/v6-m/nofp/libgcc.a(_dvmd_tls.o)

.debug_rnglists
                0x00000000       0x26
 .debug_rnglists
                0x00000000       0x13 /usr/lib/gcc/arm-none-eabi/14.2.0/../../../../arm-none-eabi/lib/thumb/v6-m/nofp/libc_nano.a(libc_a-memset.o)
 .debug_rnglists
                0x00000013       0x13 /usr/lib/gcc/arm-none-eabi/14.2.0/../../../../arm-none-eabi/lib/thumb/v6-m/nofp/libc_nano.a(libc_a-init.o)

.debug_line     0x00000000      0x2e1
 .debug_line    0x00000000      0x11d /usr/lib/gcc/arm-none-eabi/14.2.0/../../../../arm-none-eabi/lib/thumb/v6-m/nofp/libc_nano.a(libc_a-memset.o)
 .debug_line    0x0000011d      0x119 /usr/lib/gcc/arm-none-eabi/14.2.0/../../../../arm-none-eabi/lib/thumb/v6-m/nofp/libc_nano.a(libc_a-init.o)
 .debug_line    0x00000236       0x61 /usr/lib/gcc/arm-none-eabi/14.2.0/thumb/v6-m/nofp/libgcc.a(_udivsi3.o)
 .debug_line    0x00000297       0x4a /usr/lib/gcc/arm-none-eabi/14.2.0/thumb/v6-m/nofp/libgcc.a(_dvmd_tls.o)

.debug_str      0x00000000      0x300
 .debug_str     0x00000000      0x300 /usr/lib/gcc/arm-none-eabi/14.2.0/../../../../arm-none-eabi/lib/thumb/v6-m/nofp/libc_nano.a(libc_a-memset.o)
                                0x1b8 (size before relaxing)
 .debug_str     0x00000300      0x219 /usr/lib/gcc/arm-none-eabi/14.2.0/../../../../arm-none-eabi/lib/thumb/v6-m/nofp/libc_nano.a(libc_a-init.o)
 .debug_str     0x00000300       0xb9 /usr/lib/gcc/arm-none-eabi/14.2.0/thumb/v6-m/nofp/libgcc.a(_udivsi3.o)
 .debug_str     0x00000300       0xba /usr/lib/gcc/arm-none-eabi/14.2.0/thumb/v6-m/nofp/libgcc.a(_dvmd_tls.o)

.debug_frame    0x00000000       0x6c
 .debug_frame   0x00000000       0x20 /usr/lib/gcc/arm-none-eabi/14.2.0/../../../../arm-none-eabi/lib/thumb/v6-m/nofp/libc_nano.a(libc_a-memset.o)
 .debug_frame   0x00000020       0x2c /usr/lib/gcc/arm-none-eabi/14.2.0/../../../../arm-none-eabi/lib/thumb/v6-m/nofp/libc_nano.a(libc_a-init.o)
 .debug_frame   0x0000004c       0x20 /usr/lib/gcc/arm-none-eabi/14.2.0/thumb/v6-m/nofp/libgcc.a(_udivsi3.o)

.debug_line_str
                0x00000000       0x92
 .debug_line_str
                0x00000000       0x92 /usr/lib/gcc/arm-none-eabi/14.2.0/thumb/v6-m/nofp/libgcc.a(_udivsi3.o)
 .debug_line_str
                0x00000092       0x92 /usr/lib/gcc/arm-none-eabi/14.2.0/thumb/v6-m/nofp/libgcc.a(_dvmd_tls.o)

Cross Reference Table

Symbol                                            File
ADC1_IRQHandler                                   build/release/startup_stm32f042x6.o
AHBPrescTable                                     build/release/system_stm32f0xx.o
                                                  build/release/stm32f0xx_hal_rcc.o
APBPrescTable                                     build/release/system_stm32f0xx.o
                                                  build/release/stm32f0xx_hal_rcc.o
CEC_CAN_IRQHandler                                build/release/startup_stm32f042x6.o
DMA1_Channel1_IRQHandler                          build/release/startup_stm32f042x6.o
DMA1_Channel2_3_IRQHandler                        build/release/startup_stm32f042x6.o
DMA1_Channel4_5_IRQHandler                        build/release/startup_stm32f042x6.o
Default_Handler                                   build/release/startup_stm32f042x6.o
EXTI0_1_IRQHandler                                build/release/startup_stm32f042x6.o
EXTI2_3_IRQHandler                                build/release/startup_stm32f042x6.o
EXTI4_15_IRQHandler                               build/release/startup_stm32f042x6.o
Error_Handler                                     build/release/main.o
                                                  build/release/usbd_conf.o
                                                  build/release/usb_device.o
FLASH_IRQHandler                                  build/release/startup_stm32f042x6.o
FLASH_PageErase                                   build/release/stm32f0xx_hal_flash_ex.o
                                                  build/release/stm32f0xx_hal_flash.o
FLASH_WaitForLastOperation                        build/release/stm32f0xx_hal_flash.o
                                                  build/release/stm32f0xx_hal_flash_ex.o
FS_Desc                                           build/release/usbd_desc.o
                                                  build/release/usb_device.o
HAL_DBGMCU_DisableDBGStandbyMode                  build/release/stm32f0xx_hal.o
HAL_DBGMCU_DisableDBGStopMode                     build/release/stm32f0xx_hal.o
HAL_DBGMCU_EnableDBGStandbyMode                   build/release/stm32f0xx_hal.o
HAL_DBGMCU_EnableDBGStopMode                      build/release/stm32f0xx_hal.o
HAL_DMA_Abort                                     build/release/stm32f0xx_hal_dma.o
HAL_DMA_Abort_IT                                  build/release/stm32f0xx_hal_dma.o
                                                  build/release/stm32f0xx_hal_i2c.o
HAL_DMA_DeInit                                    build/release/stm32f0xx_hal_dma.o
HAL_DMA_GetError                                  build/release/stm32f0xx_hal_dma.o
HAL_DMA_GetState                                  build/release/stm32f0xx_hal_dma.o
                                                  build/release/stm32f0xx_hal_i2c.o
HAL_DMA_IRQHandler                                build/release/stm32f0xx_hal_dma.o
HAL_DMA_Init                                      build/release/stm32f0xx_hal_dma.o
HAL_DMA_PollForTransfer                           build/release/stm32f0xx_hal_dma.o
HAL_DMA_RegisterCallback                          build/release/stm32f0xx_hal_dma.o
HAL_DMA_Start                                     build/release/stm32f0xx_hal_dma.o
HAL_DMA_Start_IT                                  build/release/stm32f0xx_hal_dma.o
                                                  build/release/stm32f0xx_hal_i2c.o
HAL_DMA_UnRegisterCallback                        build/release/stm32f0xx_hal_dma.o
HAL_DeInit                                        build/release/stm32f0xx_hal.o
HAL_Delay                                         build/release/stm32f0xx_hal.o
                                                  build/release/usbd_conf.o
                                                  build/release/stm32f0xx_hal_pcd_ex.o
                                                  build/release/main.o
HAL_EXTI_ClearConfigLine                          build/release/stm32f0xx_hal_exti.o
HAL_EXTI_ClearPending                             build/release/stm32f0xx_hal_exti.o
HAL_EXTI_GenerateSWI                              build/release/stm32f0xx_hal_exti.o
HAL_EXTI_GetConfigLine                            build/release/stm32f0xx_hal_exti.o
HAL_EXTI_GetHandle                                build/release/stm32f0xx_hal_exti.o
HAL_EXTI_GetPending                               build/release/stm32f0xx_hal_exti.o
HAL_EXTI_IRQHandler                               build/release/stm32f0xx_hal_exti.o
HAL_EXTI_RegisterCallback                         build/release/stm32f0xx_hal_exti.o
HAL_EXTI_SetConfigLine                            build/release/stm32f0xx_hal_exti.o
HAL_FLASHEx_Erase                                 build/release/stm32f0xx_hal_flash_ex.o
HAL_FLASHEx_Erase_IT                              build/release/stm32f0xx_hal_flash_ex.o
HAL_FLASHEx_OBErase                               build/release/stm32f0xx_hal_flash_ex.o
HAL_FLASHEx_OBGetConfig                           build/release/stm32f0xx_hal_flash_ex.o
HAL_FLASHEx_OBGetUserData                         build/release/stm32f0xx_hal_flash_ex.o
HAL_FLASHEx_OBProgram                             build/release/stm32f0xx_hal_flash_ex.o
HAL_FLASH_EndOfOperationCallback                  build/release/stm32f0xx_hal_flash.o
HAL_FLASH_GetError                                build/release/stm32f0xx_hal_flash.o
HAL_FLASH_IRQHandler                              build/release/stm32f0xx_hal_flash.o
HAL_FLASH_Lock                                    build/release/stm32f0xx_hal_flash.o
HAL_FLASH_OB_Launch                               build/release/stm32f0xx_hal_flash.o
HAL_FLASH_OB_Lock                                 build/release/stm32f0xx_hal_flash.o
HAL_FLASH_OB_Unlock                               build/release/stm32f0xx_hal_flash.o
HAL_FLASH_OperationErrorCallback                  build/release/stm32f0xx_hal_flash.o
HAL_FLASH_Program                                 build/release/stm32f0xx_hal_flash.o
HAL_FLASH_Program_IT                              build/release/stm32f0xx_hal_flash.o
HAL_FLASH_Unlock                                  build/release/stm32f0xx_hal_flash.o
HAL_GPIO_DeInit                                   build/release/stm32f0xx_hal_gpio.o
HAL_GPIO_EXTI_Callback                            build/release/stm32f0xx_hal_gpio.o
HAL_GPIO_EXTI_IRQHandler                          build/release/stm32f0xx_hal_gpio.o
HAL_GPIO_Init                                     build/release/stm32f0xx_hal_gpio.o
                                                  build/release/stm32f0xx_hal_rcc.o
                                                  build/release/gpio.o
HAL_GPIO_LockPin                                  build/release/stm32f0xx_hal_gpio.o
HAL_GPIO_ReadPin                                  build/release/stm32f0xx_hal_gpio.o
HAL_GPIO_TogglePin                                build/release/stm32f0xx_hal_gpio.o
HAL_GPIO_WritePin                                 build/release/stm32f0xx_hal_gpio.o
HAL_GetDEVID                                      build/release/stm32f0xx_hal.o
HAL_GetHalVersion                                 build/release/stm32f0xx_hal.o
HAL_GetREVID                                      build/release/stm32f0xx_hal.o
HAL_GetTick                                       build/release/stm32f0xx_hal.o
                                                  build/release/stm32f0xx_hal_rcc_ex.o
                                                  build/release/stm32f0xx_hal_rcc.o
                                                  build/release/stm32f0xx_hal_pcd_ex.o
                                                  build/release/stm32f0xx_hal_i2c.o
                                                  build/release/stm32f0xx_hal_flash.o
                                                  build/release/stm32f0xx_hal_dma.o
HAL_GetTickFreq                                   build/release/stm32f0xx_hal.o
HAL_GetTickPrio                                   build/release/stm32f0xx_hal.o
HAL_GetUIDw0                                      build/release/stm32f0xx_hal.o
HAL_GetUIDw1                                      build/release/stm32f0xx_hal.o
HAL_GetUIDw2                                      build/release/stm32f0xx_hal.o
HAL_I2CEx_ConfigAnalogFilter                      build/release/stm32f0xx_hal_i2c_ex.o
HAL_I2CEx_ConfigDigitalFilter                     build/release/stm32f0xx_hal_i2c_ex.o
HAL_I2CEx_DisableFastModePlus                     build/release/stm32f0xx_hal_i2c_ex.o
HAL_I2CEx_DisableWakeUp                           build/release/stm32f0xx_hal_i2c_ex.o
HAL_I2CEx_EnableFastModePlus                      build/release/stm32f0xx_hal_i2c_ex.o
HAL_I2CEx_EnableWakeUp                            build/release/stm32f0xx_hal_i2c_ex.o
HAL_I2C_AbortCpltCallback                         build/release/stm32f0xx_hal_i2c.o
HAL_I2C_AddrCallback                              build/release/stm32f0xx_hal_i2c.o
HAL_I2C_DeInit                                    build/release/stm32f0xx_hal_i2c.o
HAL_I2C_DisableListen_IT                          build/release/stm32f0xx_hal_i2c.o
HAL_I2C_ER_IRQHandler                             build/release/stm32f0xx_hal_i2c.o
HAL_I2C_EV_IRQHandler                             build/release/stm32f0xx_hal_i2c.o
HAL_I2C_EnableListen_IT                           build/release/stm32f0xx_hal_i2c.o
HAL_I2C_ErrorCallback                             build/release/stm32f0xx_hal_i2c.o
HAL_I2C_GetError                                  build/release/stm32f0xx_hal_i2c.o
HAL_I2C_GetMode                                   build/release/stm32f0xx_hal_i2c.o
HAL_I2C_GetState                                  build/release/stm32f0xx_hal_i2c.o
HAL_I2C_Init                                      build/release/stm32f0xx_hal_i2c.o
HAL_I2C_IsDeviceReady                             build/release/stm32f0xx_hal_i2c.o
HAL_I2C_ListenCpltCallback                        build/release/stm32f0xx_hal_i2c.o
HAL_I2C_MasterRxCpltCallback                      build/release/stm32f0xx_hal_i2c.o
HAL_I2C_MasterTxCpltCallback                      build/release/stm32f0xx_hal_i2c.o
HAL_I2C_Master_Abort_IT                           build/release/stm32f0xx_hal_i2c.o
HAL_I2C_Master_Receive                            build/release/stm32f0xx_hal_i2c.o
HAL_I2C_Master_Receive_DMA                        build/release/stm32f0xx_hal_i2c.o
HAL_I2C_Master_Receive_IT                         build/release/stm32f0xx_hal_i2c.o
HAL_I2C_Master_Seq_Receive_DMA                    build/release/stm32f0xx_hal_i2c.o
HAL_I2C_Master_Seq_Receive_IT                     build/release/stm32f0xx_hal_i2c.o
HAL_I2C_Master_Seq_Transmit_DMA                   build/release/stm32f0xx_hal_i2c.o
HAL_I2C_Master_Seq_Transmit_IT                    build/release/stm32f0xx_hal_i2c.o
HAL_I2C_Master_Transmit                           build/release/stm32f0xx_hal_i2c.o
HAL_I2C_Master_Transmit_DMA                       build/release/stm32f0xx_hal_i2c.o
HAL_I2C_Master_Transmit_IT                        build/release/stm32f0xx_hal_i2c.o
HAL_I2C_MemRxCpltCallback                         build/release/stm32f0xx_hal_i2c.o
HAL_I2C_MemTxCpltCallback                         build/release/stm32f0xx_hal_i2c.o
HAL_I2C_Mem_Read                                  build/release/stm32f0xx_hal_i2c.o
HAL_I2C_Mem_Read_DMA                              build/release/stm32f0xx_hal_i2c.o
HAL_I2C_Mem_Read_IT                               build/release/stm32f0xx_hal_i2c.o
HAL_I2C_Mem_Write                                 build/release/stm32f0xx_hal_i2c.o
HAL_I2C_Mem_Write_DMA                             build/release/stm32f0xx_hal_i2c.o
HAL_I2C_Mem_Write_IT                              build/release/stm32f0xx_hal_i2c.o
HAL_I2C_MspDeInit                                 build/release/stm32f0xx_hal_i2c.o
HAL_I2C_MspInit                                   build/release/stm32f0xx_hal_i2c.o
HAL_I2C_SlaveRxCpltCallback                       build/release/stm32f0xx_hal_i2c.o
HAL_I2C_SlaveTxCpltCallback                       build/release/stm32f0xx_hal_i2c.o
HAL_I2C_Slave_Receive                             build/release/stm32f0xx_hal_i2c.o
HAL_I2C_Slave_Receive_DMA                         build/release/stm32f0xx_hal_i2c.o
HAL_I2C_Slave_Receive_IT                          build/release/stm32f0xx_hal_i2c.o
HAL_I2C_Slave_Seq_Receive_DMA                     build/release/stm32f0xx_hal_i2c.o
HAL_I2C_Slave_Seq_Receive_IT                      build/release/stm32f0xx_hal_i2c.o
HAL_I2C_Slave_Seq_Transmit_DMA                    build/release/stm32f0xx_hal_i2c.o
HAL_I2C_Slave_Seq_Transmit_IT                     build/release/stm32f0xx_hal_i2c.o
HAL_I2C_Slave_Transmit                            build/release/stm32f0xx_hal_i2c.o
HAL_I2C_Slave_Transmit_DMA                        build/release/stm32f0xx_hal_i2c.o
HAL_I2C_Slave_Transmit_IT                         build/release/stm32f0xx_hal_i2c.o
HAL_IncTick                                       build/release/stm32f0xx_hal.o
                                                  build/release/stm32f0xx_it.o
HAL_Init                                          build/release/stm32f0xx_hal.o
                                                  build/release/main.o
HAL_InitTick                                      build/release/stm32f0xx_hal.o
                                                  build/release/stm32f0xx_hal_rcc.o
HAL_MspDeInit                                     build/release/stm32f0xx_hal.o
HAL_MspInit                                       build/release/stm32f0xx_hal_msp.o
                                                  build/release/stm32f0xx_hal.o
HAL_NVIC_ClearPendingIRQ                          build/release/stm32f0xx_hal_cortex.o
HAL_NVIC_DisableIRQ                               build/release/stm32f0xx_hal_cortex.o
                                                  build/release/usbd_conf.o
HAL_NVIC_EnableIRQ                                build/release/stm32f0xx_hal_cortex.o
                                                  build/release/usbd_conf.o
HAL_NVIC_GetPendingIRQ                            build/release/stm32f0xx_hal_cortex.o
HAL_NVIC_GetPriority                              build/release/stm32f0xx_hal_cortex.o
HAL_NVIC_SetPendingIRQ                            build/release/stm32f0xx_hal_cortex.o
HAL_NVIC_SetPriority                              build/release/stm32f0xx_hal_cortex.o
                                                  build/release/usbd_conf.o
                                                  build/release/stm32f0xx_hal.o
HAL_NVIC_SystemReset                              build/release/stm32f0xx_hal_cortex.o
HAL_PCDEx_ActivateBCD                             build/release/stm32f0xx_hal_pcd_ex.o
HAL_PCDEx_ActivateLPM                             build/release/stm32f0xx_hal_pcd_ex.o
                                                  build/release/stm32f0xx_hal_pcd.o
HAL_PCDEx_BCD_Callback                            build/release/stm32f0xx_hal_pcd_ex.o
HAL_PCDEx_BCD_VBUSDetect                          build/release/stm32f0xx_hal_pcd_ex.o
HAL_PCDEx_DeActivateBCD                           build/release/stm32f0xx_hal_pcd_ex.o
HAL_PCDEx_DeActivateLPM                           build/release/stm32f0xx_hal_pcd_ex.o
HAL_PCDEx_LPM_Callback                            build/release/stm32f0xx_hal_pcd_ex.o
                                                  build/release/stm32f0xx_hal_pcd.o
HAL_PCDEx_PMAConfig                               build/release/stm32f0xx_hal_pcd_ex.o
                                                  build/release/usbd_conf.o
HAL_PCD_ActivateRemoteWakeup                      build/release/stm32f0xx_hal_pcd.o
HAL_PCD_ConnectCallback                           build/release/usbd_conf.o
                                                  build/release/stm32f0xx_hal_pcd.o
HAL_PCD_DataInStageCallback                       build/release/usbd_conf.o
                                                  build/release/stm32f0xx_hal_pcd.o
HAL_PCD_DataOutStageCallback                      build/release/usbd_conf.o
                                                  build/release/stm32f0xx_hal_pcd.o
HAL_PCD_DeActivateRemoteWakeup                    build/release/stm32f0xx_hal_pcd.o
HAL_PCD_DeInit                                    build/release/stm32f0xx_hal_pcd.o
                                                  build/release/usbd_conf.o
HAL_PCD_DevConnect                                build/release/stm32f0xx_hal_pcd.o
HAL_PCD_DevDisconnect                             build/release/stm32f0xx_hal_pcd.o
HAL_PCD_DisconnectCallback                        build/release/usbd_conf.o
                                                  build/release/stm32f0xx_hal_pcd.o
HAL_PCD_EP_Abort                                  build/release/stm32f0xx_hal_pcd.o
HAL_PCD_EP_Close                                  build/release/stm32f0xx_hal_pcd.o
                                                  build/release/usbd_conf.o
HAL_PCD_EP_ClrStall                               build/release/stm32f0xx_hal_pcd.o
                                                  build/release/usbd_conf.o
HAL_PCD_EP_Flush                                  build/release/stm32f0xx_hal_pcd.o
                                                  build/release/usbd_conf.o
HAL_PCD_EP_GetRxCount                             build/release/stm32f0xx_hal_pcd.o
                                                  build/release/usbd_conf.o
HAL_PCD_EP_Open                                   build/release/stm32f0xx_hal_pcd.o
                                                  build/release/usbd_conf.o
HAL_PCD_EP_Receive                                build/release/stm32f0xx_hal_pcd.o
                                                  build/release/usbd_conf.o
HAL_PCD_EP_SetStall                               build/release/stm32f0xx_hal_pcd.o
                                                  build/release/usbd_conf.o
HAL_PCD_EP_Transmit                               build/release/stm32f0xx_hal_pcd.o
                                                  build/release/usbd_conf.o
HAL_PCD_GetState                                  build/release/stm32f0xx_hal_pcd.o
HAL_PCD_IRQHandler                                build/release/stm32f0xx_hal_pcd.o
                                                  build/release/stm32f0xx_it.o
HAL_PCD_ISOINIncompleteCallback                   build/release/usbd_conf.o
                                                  build/release/stm32f0xx_hal_pcd.o
HAL_PCD_ISOOUTIncompleteCallback                  build/release/usbd_conf.o
                                                  build/release/stm32f0xx_hal_pcd.o
HAL_PCD_Init                                      build/release/stm32f0xx_hal_pcd.o
                                                  build/release/usbd_conf.o
HAL_PCD_MspDeInit                                 build/release/usbd_conf.o
                                                  build/release/stm32f0xx_hal_pcd.o
HAL_PCD_MspInit                                   build/release/usbd_conf.o
                                                  build/release/stm32f0xx_hal_pcd.o
HAL_PCD_ResetCallback                             build/release/usbd_conf.o
                                                  build/release/stm32f0xx_hal_pcd.o
HAL_PCD_ResumeCallback                            build/release/usbd_conf.o
                                                  build/release/stm32f0xx_hal_pcd.o
HAL_PCD_SOFCallback                               build/release/usbd_conf.o
                                                  build/release/stm32f0xx_hal_pcd.o
HAL_PCD_SetAddress                                build/release/stm32f0xx_hal_pcd.o
                                                  build/release/usbd_conf.o
HAL_PCD_SetupStageCallback                        build/release/usbd_conf.o
                                                  build/release/stm32f0xx_hal_pcd.o
HAL_PCD_Start                                     build/release/stm32f0xx_hal_pcd.o
                                                  build/release/usbd_conf.o
HAL_PCD_Stop                                      build/release/stm32f0xx_hal_pcd.o
                                                  build/release/usbd_conf.o
HAL_PCD_SuspendCallback                           build/release/usbd_conf.o
                                                  build/release/stm32f0xx_hal_pcd.o
HAL_PWREx_DisableVddio2Monitor                    build/release/stm32f0xx_hal_pwr_ex.o
HAL_PWREx_EnableVddio2Monitor                     build/release/stm32f0xx_hal_pwr_ex.o
HAL_PWREx_Vddio2MonitorCallback                   build/release/stm32f0xx_hal_pwr_ex.o
HAL_PWREx_Vddio2Monitor_IRQHandler                build/release/stm32f0xx_hal_pwr_ex.o
HAL_PWR_ConfigPVD                                 build/release/stm32f0xx_hal_pwr_ex.o
HAL_PWR_DeInit                                    build/release/stm32f0xx_hal_pwr.o
HAL_PWR_DisableBkUpAccess                         build/release/stm32f0xx_hal_pwr.o
HAL_PWR_DisablePVD                                build/release/stm32f0xx_hal_pwr_ex.o
HAL_PWR_DisableSEVOnPend                          build/release/stm32f0xx_hal_pwr.o
HAL_PWR_DisableSleepOnExit                        build/release/stm32f0xx_hal_pwr.o
HAL_PWR_DisableWakeUpPin                          build/release/stm32f0xx_hal_pwr.o
HAL_PWR_EnableBkUpAccess                          build/release/stm32f0xx_hal_pwr.o
HAL_PWR_EnablePVD                                 build/release/stm32f0xx_hal_pwr_ex.o
HAL_PWR_EnableSEVOnPend                           build/release/stm32f0xx_hal_pwr.o
HAL_PWR_EnableSleepOnExit                         build/release/stm32f0xx_hal_pwr.o
HAL_PWR_EnableWakeUpPin                           build/release/stm32f0xx_hal_pwr.o
HAL_PWR_EnterSLEEPMode                            build/release/stm32f0xx_hal_pwr.o
HAL_PWR_EnterSTANDBYMode                          build/release/stm32f0xx_hal_pwr.o
HAL_PWR_EnterSTOPMode                             build/release/stm32f0xx_hal_pwr.o
HAL_PWR_PVDCallback                               build/release/stm32f0xx_hal_pwr_ex.o
HAL_PWR_PVD_IRQHandler                            build/release/stm32f0xx_hal_pwr_ex.o
HAL_RCCEx_CRSConfig                               build/release/stm32f0xx_hal_rcc_ex.o
HAL_RCCEx_CRSGetSynchronizationInfo               build/release/stm32f0xx_hal_rcc_ex.o
HAL_RCCEx_CRSSoftwareSynchronizationGenerate      build/release/stm32f0xx_hal_rcc_ex.o
HAL_RCCEx_CRSWaitSynchronization                  build/release/stm32f0xx_hal_rcc_ex.o
HAL_RCCEx_CRS_ErrorCallback                       build/release/stm32f0xx_hal_rcc_ex.o
HAL_RCCEx_CRS_ExpectedSyncCallback                build/release/stm32f0xx_hal_rcc_ex.o
HAL_RCCEx_CRS_IRQHandler                          build/release/stm32f0xx_hal_rcc_ex.o
HAL_RCCEx_CRS_SyncOkCallback                      build/release/stm32f0xx_hal_rcc_ex.o
HAL_RCCEx_CRS_SyncWarnCallback                    build/release/stm32f0xx_hal_rcc_ex.o
HAL_RCCEx_GetPeriphCLKConfig                      build/release/stm32f0xx_hal_rcc_ex.o
HAL_RCCEx_GetPeriphCLKFreq                        build/release/stm32f0xx_hal_rcc_ex.o
HAL_RCCEx_PeriphCLKConfig                         build/release/stm32f0xx_hal_rcc_ex.o
                                                  build/release/main.o
HAL_RCC_CSSCallback                               build/release/stm32f0xx_hal_rcc.o
HAL_RCC_ClockConfig                               build/release/stm32f0xx_hal_rcc.o
                                                  build/release/main.o
HAL_RCC_DeInit                                    build/release/stm32f0xx_hal_rcc.o
HAL_RCC_DisableCSS                                build/release/stm32f0xx_hal_rcc.o
HAL_RCC_EnableCSS                                 build/release/stm32f0xx_hal_rcc.o
HAL_RCC_GetClockConfig                            build/release/stm32f0xx_hal_rcc.o
HAL_RCC_GetHCLKFreq                               build/release/stm32f0xx_hal_rcc.o
HAL_RCC_GetOscConfig                              build/release/stm32f0xx_hal_rcc.o
HAL_RCC_GetPCLK1Freq                              build/release/stm32f0xx_hal_rcc.o
                                                  build/release/stm32f0xx_hal_rcc_ex.o
HAL_RCC_GetSysClockFreq                           build/release/stm32f0xx_hal_rcc.o
                                                  build/release/stm32f0xx_hal_rcc_ex.o
HAL_RCC_MCOConfig                                 build/release/stm32f0xx_hal_rcc.o
HAL_RCC_NMI_IRQHandler                            build/release/stm32f0xx_hal_rcc.o
HAL_RCC_OscConfig                                 build/release/stm32f0xx_hal_rcc.o
                                                  build/release/main.o
HAL_ResumeTick                                    build/release/stm32f0xx_hal.o
HAL_SYSTICK_CLKSourceConfig                       build/release/stm32f0xx_hal_cortex.o
HAL_SYSTICK_Callback                              build/release/stm32f0xx_hal_cortex.o
HAL_SYSTICK_Config                                build/release/stm32f0xx_hal_cortex.o
                                                  build/release/stm32f0xx_hal.o
HAL_SYSTICK_IRQHandler                            build/release/stm32f0xx_hal_cortex.o
HAL_SetTickFreq                                   build/release/stm32f0xx_hal.o
HAL_SuspendTick                                   build/release/stm32f0xx_hal.o
HardFault_Handler                                 build/release/stm32f0xx_it.o
I2C1_IRQHandler                                   build/release/startup_stm32f042x6.o
KEYCODE                                           build/release/main.o
MX_GPIO_Init                                      build/release/gpio.o
                                                  build/release/main.o
MX_USB_DEVICE_Init                                build/release/usb_device.o
                                                  build/release/main.o
NMI_Handler                                       build/release/stm32f0xx_it.o
PVD_VDDIO2_IRQHandler                             build/release/startup_stm32f042x6.o
PendSV_Handler                                    build/release/stm32f0xx_it.o
RCC_CRS_IRQHandler                                build/release/startup_stm32f042x6.o
REPORT                                            build/release/main.o
RTC_IRQHandler                                    build/release/startup_stm32f042x6.o
Reset_Handler                                     build/release/startup_stm32f042x6.o
SPI1_IRQHandler                                   build/release/startup_stm32f042x6.o
SPI2_IRQHandler                                   build/release/startup_stm32f042x6.o
SVC_Handler                                       build/release/stm32f0xx_it.o
SysTick_Handler                                   build/release/stm32f0xx_it.o
SystemClock_Config                                build/release/main.o
                                                  build/release/usbd_conf.o
SystemCoreClock                                   build/release/system_stm32f0xx.o
                                                  build/release/stm32f0xx_hal_rcc.o
                                                  build/release/stm32f0xx_hal.o
SystemCoreClockUpdate                             build/release/system_stm32f0xx.o
SystemInit                                        build/release/system_stm32f0xx.o
                                                  build/release/startup_stm32f042x6.o
TIM14_IRQHandler                                  build/release/startup_stm32f042x6.o
TIM16_IRQHandler                                  build/release/startup_stm32f042x6.o
TIM17_IRQHandler                                  build/release/startup_stm32f042x6.o
TIM1_BRK_UP_TRG_COM_IRQHandler                    build/release/startup_stm32f042x6.o
TIM1_CC_IRQHandler                                build/release/startup_stm32f042x6.o
TIM2_IRQHandler                                   build/release/startup_stm32f042x6.o
TIM3_IRQHandler                                   build/release/startup_stm32f042x6.o
TSC_IRQHandler                                    build/release/startup_stm32f042x6.o
USART1_IRQHandler                                 build/release/startup_stm32f042x6.o
USART2_IRQHandler                                 build/release/startup_stm32f042x6.o
USBD_ClrClassConfig                               build/release/usbd_core.o
                                                  build/release/usbd_ctlreq.o
USBD_CtlContinueRx                                build/release/usbd_ioreq.o
                                                  build/release/usbd_core.o
USBD_CtlContinueSendData                          build/release/usbd_ioreq.o
                                                  build/release/usbd_core.o
USBD_CtlError                                     build/release/usbd_ctlreq.o
                                                  build/release/usbd_hid.o
USBD_CtlPrepareRx                                 build/release/usbd_ioreq.o
USBD_CtlReceiveStatus                             build/release/usbd_ioreq.o
                                                  build/release/usbd_core.o
USBD_CtlSendData                                  build/release/usbd_ioreq.o
                                                  build/release/usbd_hid.o
                                                  build/release/usbd_ctlreq.o
USBD_CtlSendStatus                                build/release/usbd_ioreq.o
                                                  build/release/usbd_ctlreq.o
                                                  build/release/usbd_core.o
USBD_DeInit                                       build/release/usbd_core.o
USBD_FS_ConfigStrDescriptor                       build/release/usbd_desc.o
USBD_FS_DeviceDesc                                build/release/usbd_desc.o
USBD_FS_DeviceDescriptor                          build/release/usbd_desc.o
USBD_FS_InterfaceStrDescriptor                    build/release/usbd_desc.o
USBD_FS_LangIDStrDescriptor                       build/release/usbd_desc.o
USBD_FS_ManufacturerStrDescriptor                 build/release/usbd_desc.o
USBD_FS_ProductStrDescriptor                      build/release/usbd_desc.o
USBD_FS_SerialStrDescriptor                       build/release/usbd_desc.o
USBD_GetRxCount                                   build/release/usbd_ioreq.o
USBD_GetString                                    build/release/usbd_ctlreq.o
                                                  build/release/usbd_desc.o
USBD_HID                                          build/release/usbd_hid.o
                                                  build/release/usb_device.o
USBD_HID_GetPollingInterval                       build/release/usbd_hid.o
USBD_HID_SendReport                               build/release/usbd_hid.o
                                                  build/release/main.o
USBD_Init                                         build/release/usbd_core.o
                                                  build/release/usb_device.o
USBD_LL_ClearStallEP                              build/release/usbd_conf.o
                                                  build/release/usbd_ctlreq.o
USBD_LL_CloseEP                                   build/release/usbd_conf.o
                                                  build/release/usbd_hid.o
USBD_LL_DataInStage                               build/release/usbd_core.o
                                                  build/release/usbd_conf.o
USBD_LL_DataOutStage                              build/release/usbd_core.o
                                                  build/release/usbd_conf.o
USBD_LL_DeInit                                    build/release/usbd_conf.o
                                                  build/release/usbd_core.o
USBD_LL_Delay                                     build/release/usbd_conf.o
USBD_LL_DevConnected                              build/release/usbd_core.o
                                                  build/release/usbd_conf.o
USBD_LL_DevDisconnected                           build/release/usbd_core.o
                                                  build/release/usbd_conf.o
USBD_LL_FlushEP                                   build/release/usbd_conf.o
USBD_LL_GetRxDataSize                             build/release/usbd_conf.o
                                                  build/release/usbd_ioreq.o
USBD_LL_Init                                      build/release/usbd_conf.o
                                                  build/release/usbd_core.o
USBD_LL_IsStallEP                                 build/release/usbd_conf.o
                                                  build/release/usbd_ctlreq.o
USBD_LL_IsoINIncomplete                           build/release/usbd_core.o
                                                  build/release/usbd_conf.o
USBD_LL_IsoOUTIncomplete                          build/release/usbd_core.o
                                                  build/release/usbd_conf.o
USBD_LL_OpenEP                                    build/release/usbd_conf.o
                                                  build/release/usbd_hid.o
                                                  build/release/usbd_core.o
USBD_LL_PrepareReceive                            build/release/usbd_conf.o
                                                  build/release/usbd_ioreq.o
                                                  build/release/usbd_core.o
USBD_LL_Reset                                     build/release/usbd_core.o
                                                  build/release/usbd_conf.o
USBD_LL_Resume                                    build/release/usbd_core.o
                                                  build/release/usbd_conf.o
USBD_LL_SOF                                       build/release/usbd_core.o
                                                  build/release/usbd_conf.o
USBD_LL_SetSpeed                                  build/release/usbd_core.o
                                                  build/release/usbd_conf.o
USBD_LL_SetUSBAddress                             build/release/usbd_conf.o
                                                  build/release/usbd_ctlreq.o
USBD_LL_SetupStage                                build/release/usbd_core.o
                                                  build/release/usbd_conf.o
USBD_LL_StallEP                                   build/release/usbd_conf.o
                                                  build/release/usbd_ctlreq.o
                                                  build/release/usbd_core.o
USBD_LL_Start                                     build/release/usbd_conf.o
                                                  build/release/usbd_core.o
USBD_LL_Stop                                      build/release/usbd_conf.o
                                                  build/release/usbd_core.o
USBD_LL_Suspend                                   build/release/usbd_core.o
                                                  build/release/usbd_conf.o
USBD_LL_Transmit                                  build/release/usbd_conf.o
                                                  build/release/usbd_ioreq.o
                                                  build/release/usbd_hid.o
USBD_LangIDDesc                                   build/release/usbd_desc.o
USBD_ParseSetupRequest                            build/release/usbd_ctlreq.o
                                                  build/release/usbd_core.o
USBD_RegisterClass                                build/release/usbd_core.o
                                                  build/release/usb_device.o
USBD_RunTestMode                                  build/release/usbd_core.o
USBD_SetClassConfig                               build/release/usbd_core.o
                                                  build/release/usbd_ctlreq.o
USBD_Start                                        build/release/usbd_core.o
                                                  build/release/usb_device.o
USBD_StdDevReq                                    build/release/usbd_ctlreq.o
                                                  build/release/usbd_core.o
USBD_StdEPReq                                     build/release/usbd_ctlreq.o
                                                  build/release/usbd_core.o
USBD_StdItfReq                                    build/release/usbd_ctlreq.o
                                                  build/release/usbd_core.o
USBD_Stop                                         build/release/usbd_core.o
USBD_StrDesc                                      build/release/usbd_desc.o
USBD_StringSerial                                 build/release/usbd_desc.o
USBD_static_free                                  build/release/usbd_conf.o
                                                  build/release/usbd_hid.o
USBD_static_malloc                                build/release/usbd_conf.o
                                                  build/release/usbd_hid.o
USB_ActivateEndpoint                              build/release/stm32f0xx_ll_usb.o
                                                  build/release/stm32f0xx_hal_pcd.o
USB_ActivateRemoteWakeup                          build/release/stm32f0xx_ll_usb.o
                                                  build/release/stm32f0xx_hal_pcd.o
USB_CoreInit                                      build/release/stm32f0xx_ll_usb.o
USB_DeActivateRemoteWakeup                        build/release/stm32f0xx_ll_usb.o
                                                  build/release/stm32f0xx_hal_pcd.o
USB_DeactivateEndpoint                            build/release/stm32f0xx_ll_usb.o
                                                  build/release/stm32f0xx_hal_pcd.o
USB_DevConnect                                    build/release/stm32f0xx_ll_usb.o
                                                  build/release/stm32f0xx_hal_pcd.o
USB_DevDisconnect                                 build/release/stm32f0xx_ll_usb.o
                                                  build/release/stm32f0xx_hal_pcd.o
USB_DevInit                                       build/release/stm32f0xx_ll_usb.o
                                                  build/release/stm32f0xx_hal_pcd.o
USB_DisableGlobalInt                              build/release/stm32f0xx_ll_usb.o
                                                  build/release/stm32f0xx_hal_pcd.o
USB_EPClearStall                                  build/release/stm32f0xx_ll_usb.o
                                                  build/release/stm32f0xx_hal_pcd.o
USB_EPSetStall                                    build/release/stm32f0xx_ll_usb.o
                                                  build/release/stm32f0xx_hal_pcd.o
USB_EPStartXfer                                   build/release/stm32f0xx_ll_usb.o
                                                  build/release/stm32f0xx_hal_pcd.o
USB_EPStopXfer                                    build/release/stm32f0xx_ll_usb.o
                                                  build/release/stm32f0xx_hal_pcd.o
USB_EnableGlobalInt                               build/release/stm32f0xx_ll_usb.o
                                                  build/release/stm32f0xx_hal_pcd.o
USB_FlushRxFifo                                   build/release/stm32f0xx_ll_usb.o
                                                  build/release/stm32f0xx_hal_pcd.o
USB_FlushTxFifo                                   build/release/stm32f0xx_ll_usb.o
                                                  build/release/stm32f0xx_hal_pcd.o
USB_IRQHandler                                    build/release/stm32f0xx_it.o
USB_ReadInterrupts                                build/release/stm32f0xx_ll_usb.o
                                                  build/release/stm32f0xx_hal_pcd.o
USB_ReadPMA                                       build/release/stm32f0xx_ll_usb.o
                                                  build/release/stm32f0xx_hal_pcd.o
USB_SetCurrentMode                                build/release/stm32f0xx_ll_usb.o
USB_SetDevAddress                                 build/release/stm32f0xx_ll_usb.o
                                                  build/release/stm32f0xx_hal_pcd.o
USB_StopDevice                                    build/release/stm32f0xx_ll_usb.o
                                                  build/release/stm32f0xx_hal_pcd.o
USB_WritePMA                                      build/release/stm32f0xx_ll_usb.o
                                                  build/release/stm32f0xx_hal_pcd.o
WWDG_IRQHandler                                   build/release/startup_stm32f042x6.o
_Min_Stack_Size                                   build/release/sysmem.o
__aeabi_idiv0                                     /usr/lib/gcc/arm-none-eabi/14.2.0/thumb/v6-m/nofp/libgcc.a(_dvmd_tls.o)
                                                  /usr/lib/gcc/arm-none-eabi/14.2.0/thumb/v6-m/nofp/libgcc.a(_udivsi3.o)
__aeabi_ldiv0                                     /usr/lib/gcc/arm-none-eabi/14.2.0/thumb/v6-m/nofp/libgcc.a(_dvmd_tls.o)
__aeabi_uidiv                                     /usr/lib/gcc/arm-none-eabi/14.2.0/thumb/v6-m/nofp/libgcc.a(_udivsi3.o)
                                                  build/release/system_stm32f0xx.o
                                                  build/release/stm32f0xx_hal_rcc_ex.o
                                                  build/release/stm32f0xx_hal_rcc.o
                                                  build/release/stm32f0xx_hal_dma.o
                                                  build/release/stm32f0xx_hal.o
__aeabi_uidivmod                                  /usr/lib/gcc/arm-none-eabi/14.2.0/thumb/v6-m/nofp/libgcc.a(_udivsi3.o)
                                                  build/release/usbd_core.o
__atexit                                          /usr/lib/gcc/arm-none-eabi/14.2.0/../../../../arm-none-eabi/lib/thumb/v6-m/nofp/libc_nano.a(libc_a-__call_atexit.o)
                                                  /usr/lib/gcc/arm-none-eabi/14.2.0/../../../../arm-none-eabi/lib/thumb/v6-m/nofp/libc_nano.a(libc_a-__atexit.o)
__atexit0                                         /usr/lib/gcc/arm-none-eabi/14.2.0/../../../../arm-none-eabi/lib/thumb/v6-m/nofp/libc_nano.a(libc_a-__atexit.o)
__atexit_dummy                                    /usr/lib/gcc/arm-none-eabi/14.2.0/../../../../arm-none-eabi/lib/thumb/v6-m/nofp/libc_nano.a(libc_a-__atexit.o)
__atexit_recursive_mutex                          /usr/lib/gcc/arm-none-eabi/14.2.0/../../../../arm-none-eabi/lib/thumb/v6-m/nofp/libc_nano.a(libc_a-__call_atexit.o)
                                                  /usr/lib/gcc/arm-none-eabi/14.2.0/../../../../arm-none-eabi/lib/thumb/v6-m/nofp/libc_nano.a(libc_a-__atexit.o)
__bss_end__                                       /usr/lib/gcc/arm-none-eabi/14.2.0/../../../../arm-none-eabi/lib/thumb/v6-m/nofp/crt0.o
__bss_start__                                     /usr/lib/gcc/arm-none-eabi/14.2.0/../../../../arm-none-eabi/lib/thumb/v6-m/nofp/crt0.o
__call_exitprocs                                  /usr/lib/gcc/arm-none-eabi/14.2.0/../../../../arm-none-eabi/lib/thumb/v6-m/nofp/libc_nano.a(libc_a-__call_atexit.o)
                                                  /usr/lib/gcc/arm-none-eabi/14.2.0/../../../../arm-none-eabi/lib/thumb/v6-m/nofp/libc_nano.a(libc_a-__atexit.o)
                                                  /usr/lib/gcc/arm-none-eabi/14.2.0/../../../../arm-none-eabi/lib/thumb/v6-m/nofp/libc_nano.a(libc_a-exit.o)
__deregister_frame_info                           /usr/lib/gcc/arm-none-eabi/14.2.0/thumb/v6-m/nofp/crtbegin.o
__dso_handle                                      /usr/lib/gcc/arm-none-eabi/14.2.0/thumb/v6-m/nofp/crtbegin.o
__env                                             build/release/syscalls.o
__errno                                           /usr/lib/gcc/arm-none-eabi/14.2.0/../../../../arm-none-eabi/lib/thumb/v6-m/nofp/libc_nano.a(libc_a-errno.o)
                                                  build/release/sysmem.o
                                                  build/release/syscalls.o
__fini_array_end                                  /usr/lib/gcc/arm-none-eabi/14.2.0/../../../../arm-none-eabi/lib/thumb/v6-m/nofp/libc_nano.a(libc_a-fini.o)
__fini_array_start                                /usr/lib/gcc/arm-none-eabi/14.2.0/../../../../arm-none-eabi/lib/thumb/v6-m/nofp/libc_nano.a(libc_a-fini.o)
__fp_lock_all                                     /usr/lib/gcc/arm-none-eabi/14.2.0/../../../../arm-none-eabi/lib/thumb/v6-m/nofp/libc_nano.a(libc_a-findfp.o)
__fp_unlock_all                                   /usr/lib/gcc/arm-none-eabi/14.2.0/../../../../arm-none-eabi/lib/thumb/v6-m/nofp/libc_nano.a(libc_a-findfp.o)
__init_array_end                                  /usr/lib/gcc/arm-none-eabi/14.2.0/../../../../arm-none-eabi/lib/thumb/v6-m/nofp/libc_nano.a(libc_a-init.o)
__init_array_start                                /usr/lib/gcc/arm-none-eabi/14.2.0/../../../../arm-none-eabi/lib/thumb/v6-m/nofp/libc_nano.a(libc_a-init.o)
__io_getchar                                      build/release/syscalls.o
__io_putchar                                      build/release/syscalls.o
__libc_fini_array                                 /usr/lib/gcc/arm-none-eabi/14.2.0/../../../../arm-none-eabi/lib/thumb/v6-m/nofp/libc_nano.a(libc_a-fini.o)
                                                  /usr/lib/gcc/arm-none-eabi/14.2.0/../../../../arm-none-eabi/lib/thumb/v6-m/nofp/crt0.o
__libc_init_array                                 /usr/lib/gcc/arm-none-eabi/14.2.0/../../../../arm-none-eabi/lib/thumb/v6-m/nofp/libc_nano.a(libc_a-init.o)
                                                  build/release/startup_stm32f042x6.o
                                                  /usr/lib/gcc/arm-none-eabi/14.2.0/../../../../arm-none-eabi/lib/thumb/v6-m/nofp/crt0.o
__lock___arc4random_mutex                         /usr/lib/gcc/arm-none-eabi/14.2.0/../../../../arm-none-eabi/lib/thumb/v6-m/nofp/libc_nano.a(libc_a-lock.o)
__lock___at_quick_exit_mutex                      /usr/lib/gcc/arm-none-eabi/14.2.0/../../../../arm-none-eabi/lib/thumb/v6-m/nofp/libc_nano.a(libc_a-lock.o)
__lock___atexit_recursive_mutex                   /usr/lib/gcc/arm-none-eabi/14.2.0/../../../../arm-none-eabi/lib/thumb/v6-m/nofp/libc_nano.a(libc_a-lock.o)
                                                  /usr/lib/gcc/arm-none-eabi/14.2.0/../../../../arm-none-eabi/lib/thumb/v6-m/nofp/libc_nano.a(libc_a-__call_atexit.o)
__lock___dd_hash_mutex                            /usr/lib/gcc/arm-none-eabi/14.2.0/../../../../arm-none-eabi/lib/thumb/v6-m/nofp/libc_nano.a(libc_a-lock.o)
__lock___env_recursive_mutex                      /usr/lib/gcc/arm-none-eabi/14.2.0/../../../../arm-none-eabi/lib/thumb/v6-m/nofp/libc_nano.a(libc_a-lock.o)
__lock___malloc_recursive_mutex                   /usr/lib/gcc/arm-none-eabi/14.2.0/../../../../arm-none-eabi/lib/thumb/v6-m/nofp/libc_nano.a(libc_a-lock.o)
                                                  /usr/lib/gcc/arm-none-eabi/14.2.0/../../../../arm-none-eabi/lib/thumb/v6-m/nofp/libc_nano.a(libc_a-mlock.o)
__lock___sfp_recursive_mutex                      /usr/lib/gcc/arm-none-eabi/14.2.0/../../../../arm-none-eabi/lib/thumb/v6-m/nofp/libc_nano.a(libc_a-lock.o)
                                                  /usr/lib/gcc/arm-none-eabi/14.2.0/../../../../arm-none-eabi/lib/thumb/v6-m/nofp/libc_nano.a(libc_a-findfp.o)
__lock___tz_mutex                                 /usr/lib/gcc/arm-none-eabi/14.2.0/../../../../arm-none-eabi/lib/thumb/v6-m/nofp/libc_nano.a(libc_a-lock.o)
__malloc_free_list                                /usr/lib/gcc/arm-none-eabi/14.2.0/../../../../arm-none-eabi/lib/thumb/v6-m/nofp/libc_nano.a(libc_a-mallocr.o)
                                                  /usr/lib/gcc/arm-none-eabi/14.2.0/../../../../arm-none-eabi/lib/thumb/v6-m/nofp/libc_nano.a(libc_a-freer.o)
__malloc_lock                                     /usr/lib/gcc/arm-none-eabi/14.2.0/../../../../arm-none-eabi/lib/thumb/v6-m/nofp/libc_nano.a(libc_a-mlock.o)
                                                  /usr/lib/gcc/arm-none-eabi/14.2.0/../../../../arm-none-eabi/lib/thumb/v6-m/nofp/libc_nano.a(libc_a-mallocr.o)
                                                  /usr/lib/gcc/arm-none-eabi/14.2.0/../../../../arm-none-eabi/lib/thumb/v6-m/nofp/libc_nano.a(libc_a-freer.o)
__malloc_sbrk_start                               /usr/lib/gcc/arm-none-eabi/14.2.0/../../../../arm-none-eabi/lib/thumb/v6-m/nofp/libc_nano.a(libc_a-mallocr.o)
__malloc_unlock                                   /usr/lib/gcc/arm-none-eabi/14.2.0/../../../../arm-none-eabi/lib/thumb/v6-m/nofp/libc_nano.a(libc_a-mlock.o)